Archive member included to satisfy reference by file (symbol)

C:/ST/STM32CubeIDE_1.14.1/STM32CubeIDE/plugins/com.st.stm32cube.ide.mcu.externaltools.gnu-tools-for-stm32.11.3.rel1.win32_1.1.100.202309141235/tools/bin/../lib/gcc/arm-none-eabi/11.3.1/../../../../arm-none-eabi/lib/thumb/v7e-m+fp/hard\libc_nano.a(libc_a-exit.o)
                              C:/ST/STM32CubeIDE_1.14.1/STM32CubeIDE/plugins/com.st.stm32cube.ide.mcu.externaltools.gnu-tools-for-stm32.11.3.rel1.win32_1.1.100.202309141235/tools/bin/../lib/gcc/arm-none-eabi/11.3.1/../../../../arm-none-eabi/lib/thumb/v7e-m+fp/hard/crt0.o (exit)
C:/ST/STM32CubeIDE_1.14.1/STM32CubeIDE/plugins/com.st.stm32cube.ide.mcu.externaltools.gnu-tools-for-stm32.11.3.rel1.win32_1.1.100.202309141235/tools/bin/../lib/gcc/arm-none-eabi/11.3.1/../../../../arm-none-eabi/lib/thumb/v7e-m+fp/hard\libc_nano.a(libc_a-findfp.o)
                              C:/ST/STM32CubeIDE_1.14.1/STM32CubeIDE/plugins/com.st.stm32cube.ide.mcu.externaltools.gnu-tools-for-stm32.11.3.rel1.win32_1.1.100.202309141235/tools/bin/../lib/gcc/arm-none-eabi/11.3.1/../../../../arm-none-eabi/lib/thumb/v7e-m+fp/hard\libc_nano.a(libc_a-exit.o) (__stdio_exit_handler)
C:/ST/STM32CubeIDE_1.14.1/STM32CubeIDE/plugins/com.st.stm32cube.ide.mcu.externaltools.gnu-tools-for-stm32.11.3.rel1.win32_1.1.100.202309141235/tools/bin/../lib/gcc/arm-none-eabi/11.3.1/../../../../arm-none-eabi/lib/thumb/v7e-m+fp/hard\libc_nano.a(libc_a-fwalk.o)
                              C:/ST/STM32CubeIDE_1.14.1/STM32CubeIDE/plugins/com.st.stm32cube.ide.mcu.externaltools.gnu-tools-for-stm32.11.3.rel1.win32_1.1.100.202309141235/tools/bin/../lib/gcc/arm-none-eabi/11.3.1/../../../../arm-none-eabi/lib/thumb/v7e-m+fp/hard\libc_nano.a(libc_a-findfp.o) (_fwalk_sglue)
C:/ST/STM32CubeIDE_1.14.1/STM32CubeIDE/plugins/com.st.stm32cube.ide.mcu.externaltools.gnu-tools-for-stm32.11.3.rel1.win32_1.1.100.202309141235/tools/bin/../lib/gcc/arm-none-eabi/11.3.1/../../../../arm-none-eabi/lib/thumb/v7e-m+fp/hard\libc_nano.a(libc_a-sprintf.o)
                              ./Core/Src/main.o (sprintf)
C:/ST/STM32CubeIDE_1.14.1/STM32CubeIDE/plugins/com.st.stm32cube.ide.mcu.externaltools.gnu-tools-for-stm32.11.3.rel1.win32_1.1.100.202309141235/tools/bin/../lib/gcc/arm-none-eabi/11.3.1/../../../../arm-none-eabi/lib/thumb/v7e-m+fp/hard\libc_nano.a(libc_a-stdio.o)
                              C:/ST/STM32CubeIDE_1.14.1/STM32CubeIDE/plugins/com.st.stm32cube.ide.mcu.externaltools.gnu-tools-for-stm32.11.3.rel1.win32_1.1.100.202309141235/tools/bin/../lib/gcc/arm-none-eabi/11.3.1/../../../../arm-none-eabi/lib/thumb/v7e-m+fp/hard\libc_nano.a(libc_a-findfp.o) (__sread)
C:/ST/STM32CubeIDE_1.14.1/STM32CubeIDE/plugins/com.st.stm32cube.ide.mcu.externaltools.gnu-tools-for-stm32.11.3.rel1.win32_1.1.100.202309141235/tools/bin/../lib/gcc/arm-none-eabi/11.3.1/../../../../arm-none-eabi/lib/thumb/v7e-m+fp/hard\libc_nano.a(libc_a-memset.o)
                              C:/ST/STM32CubeIDE_1.14.1/STM32CubeIDE/plugins/com.st.stm32cube.ide.mcu.externaltools.gnu-tools-for-stm32.11.3.rel1.win32_1.1.100.202309141235/tools/bin/../lib/gcc/arm-none-eabi/11.3.1/../../../../arm-none-eabi/lib/thumb/v7e-m+fp/hard/crt0.o (memset)
C:/ST/STM32CubeIDE_1.14.1/STM32CubeIDE/plugins/com.st.stm32cube.ide.mcu.externaltools.gnu-tools-for-stm32.11.3.rel1.win32_1.1.100.202309141235/tools/bin/../lib/gcc/arm-none-eabi/11.3.1/../../../../arm-none-eabi/lib/thumb/v7e-m+fp/hard\libc_nano.a(libc_a-closer.o)
                              C:/ST/STM32CubeIDE_1.14.1/STM32CubeIDE/plugins/com.st.stm32cube.ide.mcu.externaltools.gnu-tools-for-stm32.11.3.rel1.win32_1.1.100.202309141235/tools/bin/../lib/gcc/arm-none-eabi/11.3.1/../../../../arm-none-eabi/lib/thumb/v7e-m+fp/hard\libc_nano.a(libc_a-stdio.o) (_close_r)
C:/ST/STM32CubeIDE_1.14.1/STM32CubeIDE/plugins/com.st.stm32cube.ide.mcu.externaltools.gnu-tools-for-stm32.11.3.rel1.win32_1.1.100.202309141235/tools/bin/../lib/gcc/arm-none-eabi/11.3.1/../../../../arm-none-eabi/lib/thumb/v7e-m+fp/hard\libc_nano.a(libc_a-reent.o)
                              C:/ST/STM32CubeIDE_1.14.1/STM32CubeIDE/plugins/com.st.stm32cube.ide.mcu.externaltools.gnu-tools-for-stm32.11.3.rel1.win32_1.1.100.202309141235/tools/bin/../lib/gcc/arm-none-eabi/11.3.1/../../../../arm-none-eabi/lib/thumb/v7e-m+fp/hard\libc_nano.a(libc_a-closer.o) (errno)
C:/ST/STM32CubeIDE_1.14.1/STM32CubeIDE/plugins/com.st.stm32cube.ide.mcu.externaltools.gnu-tools-for-stm32.11.3.rel1.win32_1.1.100.202309141235/tools/bin/../lib/gcc/arm-none-eabi/11.3.1/../../../../arm-none-eabi/lib/thumb/v7e-m+fp/hard\libc_nano.a(libc_a-impure.o)
                              C:/ST/STM32CubeIDE_1.14.1/STM32CubeIDE/plugins/com.st.stm32cube.ide.mcu.externaltools.gnu-tools-for-stm32.11.3.rel1.win32_1.1.100.202309141235/tools/bin/../lib/gcc/arm-none-eabi/11.3.1/../../../../arm-none-eabi/lib/thumb/v7e-m+fp/hard\libc_nano.a(libc_a-sprintf.o) (_impure_ptr)
[...]
Memory Configuration

Name             Origin             Length             Attributes
RAM              0x0000000020000000 0x0000000000050000 xrw
FLASH            0x0000000008000000 0x0000000000100000 xr
*default*        0x0000000000000000 0xffffffffffffffff

Linker script and memory map

LOAD C:/ST/STM32CubeIDE_1.14.1/STM32CubeIDE/plugins/com.st.stm32cube.ide.mcu.externaltools.gnu-tools-for-stm32.11.3.rel1.win32_1.1.100.202309141235/tools/bin/../lib/gcc/arm-none-eabi/11.3.1/thumb/v7e-m+fp/hard/crti.o
LOAD C:/ST/STM32CubeIDE_1.14.1/STM32CubeIDE/plugins/com.st.stm32cube.ide.mcu.externaltools.gnu-tools-for-stm32.11.3.rel1.win32_1.1.100.202309141235/tools/bin/../lib/gcc/arm-none-eabi/11.3.1/thumb/v7e-m+fp/hard/crtbegin.o
LOAD C:/ST/STM32CubeIDE_1.14.1/STM32CubeIDE/plugins/com.st.stm32cube.ide.mcu.externaltools.gnu-tools-for-stm32.11.3.rel1.win32_1.1.100.202309141235/tools/bin/../lib/gcc/arm-none-eabi/11.3.1/../../../../arm-none-eabi/lib/thumb/v7e-m+fp/hard/crt0.o
LOAD ./Core/Src/adc.o
LOAD ./Core/Src/dac.o
LOAD ./Core/Src/dma2d.o
LOAD ./Core/Src/fmc.o
LOAD ./Core/Src/ft5336.o
LOAD ./Core/Src/gpio.o
LOAD ./Core/Src/i2c.o
LOAD ./Core/Src/ltdc.o
LOAD ./Core/Src/main.o
LOAD ./Core/Src/rtc.o
LOAD ./Core/Src/spi.o
LOAD ./Core/Src/stm32746g_discovery.o
LOAD ./Core/Src/stm32746g_discovery_lcd.o
LOAD ./Core/Src/stm32746g_discovery_sdram.o
LOAD ./Core/Src/stm32746g_discovery_ts.o
LOAD ./Core/Src/stm32f7xx_hal_msp.o
LOAD ./Core/Src/stm32f7xx_hal_timebase_tim.o
LOAD ./Core/Src/stm32f7xx_it.o
LOAD ./Core/Src/syscalls.o
LOAD ./Core/Src/sysmem.o
LOAD ./Core/Src/system_stm32f7xx.o
LOAD ./Core/Src/tim.o
LOAD ./Core/Src/usart.o
LOAD ./Core/Startup/startup_stm32f746nghx.o
LOAD ./Drivers/STM32F7xx_HAL_Driver/Src/stm32f7xx_hal.o
LOAD ./Drivers/STM32F7xx_HAL_Driver/Src/stm32f7xx_hal_adc.o
LOAD ./Drivers/STM32F7xx_HAL_Driver/Src/stm32f7xx_hal_adc_ex.o
LOAD ./Drivers/STM32F7xx_HAL_Driver/Src/stm32f7xx_hal_cortex.o
LOAD ./Drivers/STM32F7xx_HAL_Driver/Src/stm32f7xx_hal_dac.o
LOAD ./Drivers/STM32F7xx_HAL_Driver/Src/stm32f7xx_hal_dac_ex.o
LOAD ./Drivers/STM32F7xx_HAL_Driver/Src/stm32f7xx_hal_dma.o
LOAD ./Drivers/STM32F7xx_HAL_Driver/Src/stm32f7xx_hal_dma2d.o
LOAD ./Drivers/STM32F7xx_HAL_Driver/Src/stm32f7xx_hal_dma_ex.o
LOAD ./Drivers/STM32F7xx_HAL_Driver/Src/stm32f7xx_hal_dsi.o
LOAD ./Drivers/STM32F7xx_HAL_Driver/Src/stm32f7xx_hal_exti.o
LOAD ./Drivers/STM32F7xx_HAL_Driver/Src/stm32f7xx_hal_flash.o
LOAD ./Drivers/STM32F7xx_HAL_Driver/Src/stm32f7xx_hal_flash_ex.o
LOAD ./Drivers/STM32F7xx_HAL_Driver/Src/stm32f7xx_hal_gpio.o
LOAD ./Drivers/STM32F7xx_HAL_Driver/Src/stm32f7xx_hal_i2c.o
LOAD ./Drivers/STM32F7xx_HAL_Driver/Src/stm32f7xx_hal_i2c_ex.o
LOAD ./Drivers/STM32F7xx_HAL_Driver/Src/stm32f7xx_hal_ltdc.o
LOAD ./Drivers/STM32F7xx_HAL_Driver/Src/stm32f7xx_hal_ltdc_ex.o
LOAD ./Drivers/STM32F7xx_HAL_Driver/Src/stm32f7xx_hal_pwr.o
LOAD ./Drivers/STM32F7xx_HAL_Driver/Src/stm32f7xx_hal_pwr_ex.o
LOAD ./Drivers/STM32F7xx_HAL_Driver/Src/stm32f7xx_hal_rcc.o
LOAD ./Drivers/STM32F7xx_HAL_Driver/Src/stm32f7xx_hal_rcc_ex.o
LOAD ./Drivers/STM32F7xx_HAL_Driver/Src/stm32f7xx_hal_rtc.o
LOAD ./Drivers/STM32F7xx_HAL_Driver/Src/stm32f7xx_hal_rtc_ex.o
LOAD ./Drivers/STM32F7xx_HAL_Driver/Src/stm32f7xx_hal_sdram.o
LOAD ./Drivers/STM32F7xx_HAL_Driver/Src/stm32f7xx_hal_spi.o
LOAD ./Drivers/STM32F7xx_HAL_Driver/Src/stm32f7xx_hal_spi_ex.o
LOAD ./Drivers/STM32F7xx_HAL_Driver/Src/stm32f7xx_hal_tim.o
LOAD ./Drivers/STM32F7xx_HAL_Driver/Src/stm32f7xx_hal_tim_ex.o
LOAD ./Drivers/STM32F7xx_HAL_Driver/Src/stm32f7xx_hal_uart.o
LOAD ./Drivers/STM32F7xx_HAL_Driver/Src/stm32f7xx_hal_uart_ex.o
LOAD ./Drivers/STM32F7xx_HAL_Driver/Src/stm32f7xx_ll_fmc.o
START GROUP
LOAD C:/ST/STM32CubeIDE_1.14.1/STM32CubeIDE/plugins/com.st.stm32cube.ide.mcu.externaltools.gnu-tools-for-stm32.11.3.rel1.win32_1.1.100.202309141235/tools/bin/../lib/gcc/arm-none-eabi/11.3.1/../../../../arm-none-eabi/lib/thumb/v7e-m+fp/hard\libc_nano.a
LOAD C:/ST/STM32CubeIDE_1.14.1/STM32CubeIDE/plugins/com.st.stm32cube.ide.mcu.externaltools.gnu-tools-for-stm32.11.3.rel1.win32_1.1.100.202309141235/tools/bin/../lib/gcc/arm-none-eabi/11.3.1/../../../../arm-none-eabi/lib/thumb/v7e-m+fp/hard\libm.a
END GROUP
START GROUP
LOAD C:/ST/STM32CubeIDE_1.14.1/STM32CubeIDE/plugins/com.st.stm32cube.ide.mcu.externaltools.gnu-tools-for-stm32.11.3.rel1.win32_1.1.100.202309141235/tools/bin/../lib/gcc/arm-none-eabi/11.3.1/thumb/v7e-m+fp/hard\libgcc.a
LOAD C:/ST/STM32CubeIDE_1.14.1/STM32CubeIDE/plugins/com.st.stm32cube.ide.mcu.externaltools.gnu-tools-for-stm32.11.3.rel1.win32_1.1.100.202309141235/tools/bin/../lib/gcc/arm-none-eabi/11.3.1/../../../../arm-none-eabi/lib/thumb/v7e-m+fp/hard\libc_nano.a
END GROUP
START GROUP
LOAD C:/ST/STM32CubeIDE_1.14.1/STM32CubeIDE/plugins/com.st.stm32cube.ide.mcu.externaltools.gnu-tools-for-stm32.11.3.rel1.win32_1.1.100.202309141235/tools/bin/../lib/gcc/arm-none-eabi/11.3.1/thumb/v7e-m+fp/hard\libgcc.a
LOAD C:/ST/STM32CubeIDE_1.14.1/STM32CubeIDE/plugins/com.st.stm32cube.ide.mcu.externaltools.gnu-tools-for-stm32.11.3.rel1.win32_1.1.100.202309141235/tools/bin/../lib/gcc/arm-none-eabi/11.3.1/../../../../arm-none-eabi/lib/thumb/v7e-m+fp/hard\libc_nano.a
LOAD C:/ST/STM32CubeIDE_1.14.1/STM32CubeIDE/plugins/com.st.stm32cube.ide.mcu.externaltools.gnu-tools-for-stm32.11.3.rel1.win32_1.1.100.202309141235/tools/bin/../lib/gcc/arm-none-eabi/11.3.1/../../../../arm-none-eabi/lib/thumb/v7e-m+fp/hard\libnosys.a
END GROUP
START GROUP
LOAD C:/ST/STM32CubeIDE_1.14.1/STM32CubeIDE/plugins/com.st.stm32cube.ide.mcu.externaltools.gnu-tools-for-stm32.11.3.rel1.win32_1.1.100.202309141235/tools/bin/../lib/gcc/arm-none-eabi/11.3.1/thumb/v7e-m+fp/hard\libgcc.a
LOAD C:/ST/STM32CubeIDE_1.14.1/STM32CubeIDE/plugins/com.st.stm32cube.ide.mcu.externaltools.gnu-tools-for-stm32.11.3.rel1.win32_1.1.100.202309141235/tools/bin/../lib/gcc/arm-none-eabi/11.3.1/../../../../arm-none-eabi/lib/thumb/v7e-m+fp/hard\libc_nano.a
LOAD C:/ST/STM32CubeIDE_1.14.1/STM32CubeIDE/plugins/com.st.stm32cube.ide.mcu.externaltools.gnu-tools-for-stm32.11.3.rel1.win32_1.1.100.202309141235/tools/bin/../lib/gcc/arm-none-eabi/11.3.1/../../../../arm-none-eabi/lib/thumb/v7e-m+fp/hard\libnosys.a
END GROUP
LOAD C:/ST/STM32CubeIDE_1.14.1/STM32CubeIDE/plugins/com.st.stm32cube.ide.mcu.externaltools.gnu-tools-for-stm32.11.3.rel1.win32_1.1.100.202309141235/tools/bin/../lib/gcc/arm-none-eabi/11.3.1/thumb/v7e-m+fp/hard/crtend.o
LOAD C:/ST/STM32CubeIDE_1.14.1/STM32CubeIDE/plugins/com.st.stm32cube.ide.mcu.externaltools.gnu-tools-for-stm32.11.3.rel1.win32_1.1.100.202309141235/tools/bin/../lib/gcc/arm-none-eabi/11.3.1/thumb/v7e-m+fp/hard/crtn.o
                0x0000000020050000                _estack = (ORIGIN (RAM) + LENGTH (RAM))
                0x0000000000000200                _Min_Heap_Size = 0x200
                0x0000000000000400                _Min_Stack_Size = 0x400

.isr_vector     0x0000000008000000      0x1c8
                0x0000000008000000                . = ALIGN (0x4)
 *(.isr_vector)
 .isr_vector    0x0000000008000000      0x1c8 ./Core/Startup/startup_stm32f746nghx.o
                0x0000000008000000                g_pfnVectors
                0x00000000080001c8                . = ALIGN (0x4)

.text           0x00000000080001d0     0xb3d4
                0x00000000080001d0                . = ALIGN (0x4)
 *(.text)
 .text          0x00000000080001d0       0x40 C:/ST/STM32CubeIDE_1.14.1/STM32CubeIDE/plugins/com.st.stm32cube.ide.mcu.externaltools.gnu-tools-for-stm32.11.3.rel1.win32_1.1.100.202309141235/tools/bin/../lib/gcc/arm-none-eabi/11.3.1/thumb/v7e-m+fp/hard/crtbegin.o
 .text          0x0000000008000210       0x10 C:/ST/STM32CubeIDE_1.14.1/STM32CubeIDE/plugins/com.st.stm32cube.ide.mcu.externaltools.gnu-tools-for-stm32.11.3.rel1.win32_1.1.100.202309141235/tools/bin/../lib/gcc/arm-none-eabi/11.3.1/../../../../arm-none-eabi/lib/thumb/v7e-m+fp/hard\libc_nano.a(libc_a-strlen.o)
                0x0000000008000210                strlen
 .text          0x0000000008000220       0xa0 C:/ST/STM32CubeIDE_1.14.1/STM32CubeIDE/plugins/com.st.stm32cube.ide.mcu.externaltools.gnu-tools-for-stm32.11.3.rel1.win32_1.1.100.202309141235/tools/bin/../lib/gcc/arm-none-eabi/11.3.1/../../../../arm-none-eabi/lib/thumb/v7e-m+fp/hard\libc_nano.a(libc_a-memchr.o)
                0x0000000008000220                memchr
 .text          0x00000000080002c0       0x30 C:/ST/STM32CubeIDE_1.14.1/STM32CubeIDE/plugins/com.st.stm32cube.ide.mcu.externaltools.gnu-tools-for-stm32.11.3.rel1.win32_1.1.100.202309141235/tools/bin/../lib/gcc/arm-none-eabi/11.3.1/thumb/v7e-m+fp/hard\libgcc.a(_aeabi_uldivmod.o)
                0x00000000080002c0                __aeabi_uldivmod
 .text          0x00000000080002f0      0x2c8 C:/ST/STM32CubeIDE_1.14.1/STM32CubeIDE/plugins/com.st.stm32cube.ide.mcu.externaltools.gnu-tools-for-stm32.11.3.rel1.win32_1.1.100.202309141235/tools/bin/../lib/gcc/arm-none-eabi/11.3.1/thumb/v7e-m+fp/hard\libgcc.a(_udivmoddi4.o)
                0x00000000080002f0                __udivmoddi4
 .text          0x00000000080005b8        0x4 C:/ST/STM32CubeIDE_1.14.1/STM32CubeIDE/plugins/com.st.stm32cube.ide.mcu.externaltools.gnu-tools-for-stm32.11.3.rel1.win32_1.1.100.202309141235/tools/bin/../lib/gcc/arm-none-eabi/11.3.1/thumb/v7e-m+fp/hard\libgcc.a(_dvmd_tls.o)
                0x00000000080005b8                __aeabi_idiv0
                0x00000000080005b8                __aeabi_ldiv0
 *(.text*)
 .text.MX_ADC1_Init
                0x00000000080005bc       0xa4 ./Core/Src/adc.o
                0x00000000080005bc                MX_ADC1_Init
 .text.MX_ADC3_Init
                0x0000000008000660       0xa4 ./Core/Src/adc.o
                0x0000000008000660                MX_ADC3_Init
 .text.HAL_ADC_MspInit
                0x0000000008000704       0xdc ./Core/Src/adc.o
                0x0000000008000704                HAL_ADC_MspInit
 .text.MX_DAC_Init
                0x00000000080007e0       0x54 ./Core/Src/dac.o
                0x00000000080007e0                MX_DAC_Init
 .text.HAL_DAC_MspInit
                0x0000000008000834       0x90 ./Core/Src/dac.o
                0x0000000008000834                HAL_DAC_MspInit
 .text.MX_DMA2D_Init
                0x00000000080008c4       0x64 ./Core/Src/dma2d.o
                0x00000000080008c4                MX_DMA2D_Init
 .text.HAL_DMA2D_MspInit
                0x0000000008000928       0x4c ./Core/Src/dma2d.o
                0x0000000008000928                HAL_DMA2D_MspInit
 .text.MX_FMC_Init
                0x0000000008000974       0xa0 ./Core/Src/fmc.o
                0x0000000008000974                MX_FMC_Init
 .text.HAL_FMC_MspInit
                0x0000000008000a14      0x120 ./Core/Src/fmc.o
 .text.HAL_SDRAM_MspInit
                0x0000000008000b34       0x14 ./Core/Src/fmc.o
                0x0000000008000b34                HAL_SDRAM_MspInit
 .text.ft5336_Init
                0x0000000008000b48       0x1c ./Core/Src/ft5336.o
                0x0000000008000b48                ft5336_Init
 .text.ft5336_Reset
                0x0000000008000b64       0x16 ./Core/Src/ft5336.o
                0x0000000008000b64                ft5336_Reset
 .text.ft5336_ReadID
                0x0000000008000b7a       0x5c ./Core/Src/ft5336.o
                0x0000000008000b7a                ft5336_ReadID
 .text.ft5336_TS_Start
                0x0000000008000bd6       0x22 ./Core/Src/ft5336.o
                0x0000000008000bd6                ft5336_TS_Start
 .text.ft5336_TS_DetectTouch
                0x0000000008000bf8       0x54 ./Core/Src/ft5336.o
                0x0000000008000bf8                ft5336_TS_DetectTouch
 .text.ft5336_TS_GetXY
                0x0000000008000c4c      0x1e0 ./Core/Src/ft5336.o
                0x0000000008000c4c                ft5336_TS_GetXY
 .text.ft5336_TS_EnableIT
                0x0000000008000e2c       0x28 ./Core/Src/ft5336.o
                0x0000000008000e2c                ft5336_TS_EnableIT
 .text.ft5336_TS_DisableIT
                0x0000000008000e54       0x28 ./Core/Src/ft5336.o
                0x0000000008000e54                ft5336_TS_DisableIT
 .text.ft5336_TS_ITStatus
                0x0000000008000e7c       0x18 ./Core/Src/ft5336.o
                0x0000000008000e7c                ft5336_TS_ITStatus
 .text.ft5336_TS_ClearIT
                0x0000000008000e94       0x16 ./Core/Src/ft5336.o
                0x0000000008000e94                ft5336_TS_ClearIT
 .text.ft5336_TS_GetGestureID
                0x0000000008000eaa       0x32 ./Core/Src/ft5336.o
                0x0000000008000eaa                ft5336_TS_GetGestureID
 .text.ft5336_TS_GetTouchInfo
                0x0000000008000edc      0x15c ./Core/Src/ft5336.o
                0x0000000008000edc                ft5336_TS_GetTouchInfo
 .text.ft5336_Get_I2C_InitializedStatus
                0x0000000008001038       0x18 ./Core/Src/ft5336.o
 .text.ft5336_I2C_InitializeIfRequired
                0x0000000008001050       0x20 ./Core/Src/ft5336.o
 .text.ft5336_TS_Configure
                0x0000000008001070       0x1c ./Core/Src/ft5336.o
 .text.MX_GPIO_Init
                0x000000000800108c      0x580 ./Core/Src/gpio.o
                0x000000000800108c                MX_GPIO_Init
 .text.MX_I2C1_Init
                0x000000000800160c       0x80 ./Core/Src/i2c.o
                0x000000000800160c                MX_I2C1_Init
 .text.MX_I2C3_Init
                0x000000000800168c       0x80 ./Core/Src/i2c.o
                0x000000000800168c                MX_I2C3_Init
 .text.HAL_I2C_MspInit
                0x000000000800170c      0x150 ./Core/Src/i2c.o
                0x000000000800170c                HAL_I2C_MspInit
 .text.HAL_I2C_MspDeInit
                0x000000000800185c       0x78 ./Core/Src/i2c.o
                0x000000000800185c                HAL_I2C_MspDeInit
 .text.MX_LTDC_Init
                0x00000000080018d4      0x104 ./Core/Src/ltdc.o
                0x00000000080018d4                MX_LTDC_Init
 .text.HAL_LTDC_MspInit
                0x00000000080019d8      0x204 ./Core/Src/ltdc.o
                0x00000000080019d8                HAL_LTDC_MspInit
 .text.main     0x0000000008001bdc      0x3f8 ./Core/Src/main.o
                0x0000000008001bdc                main
 .text.SystemClock_Config
                0x0000000008001fd4       0xe4 ./Core/Src/main.o
                0x0000000008001fd4                SystemClock_Config
 .text.HAL_TIM_PeriodElapsedCallback
                0x00000000080020b8       0x24 ./Core/Src/main.o
                0x00000000080020b8                HAL_TIM_PeriodElapsedCallback
 .text.Error_Handler
                0x00000000080020dc        0xa ./Core/Src/main.o
                0x00000000080020dc                Error_Handler
 *fill*         0x00000000080020e6        0x2 
 .text.MX_RTC_Init
                0x00000000080020e8      0x148 ./Core/Src/rtc.o
                0x00000000080020e8                MX_RTC_Init
 .text.HAL_RTC_MspInit
                0x0000000008002230       0x5c ./Core/Src/rtc.o
                0x0000000008002230                HAL_RTC_MspInit
 .text.MX_SPI2_Init
                0x000000000800228c       0x7c ./Core/Src/spi.o
                0x000000000800228c                MX_SPI2_Init
 .text.HAL_SPI_MspInit
                0x0000000008002308       0xc4 ./Core/Src/spi.o
                0x0000000008002308                HAL_SPI_MspInit
 .text.I2Cx_MspInit
                0x00000000080023cc      0x160 ./Core/Src/stm32746g_discovery.o
 .text.I2Cx_Init
                0x000000000800252c       0x78 ./Core/Src/stm32746g_discovery.o
 .text.I2Cx_ReadMultiple
                0x00000000080025a4       0x5a ./Core/Src/stm32746g_discovery.o
 .text.I2Cx_WriteMultiple
                0x00000000080025fe       0x5a ./Core/Src/stm32746g_discovery.o
 .text.I2Cx_Error
                0x0000000008002658       0x20 ./Core/Src/stm32746g_discovery.o
 .text.TS_IO_Init
                0x0000000008002678       0x14 ./Core/Src/stm32746g_discovery.o
                0x0000000008002678                TS_IO_Init
 .text.TS_IO_Write
                0x000000000800268c       0x34 ./Core/Src/stm32746g_discovery.o
                0x000000000800268c                TS_IO_Write
 .text.TS_IO_Read
                0x00000000080026c0       0x3c ./Core/Src/stm32746g_discovery.o
                0x00000000080026c0                TS_IO_Read
 .text.TS_IO_Delay
                0x00000000080026fc       0x16 ./Core/Src/stm32746g_discovery.o
                0x00000000080026fc                TS_IO_Delay
 *fill*         0x0000000008002712        0x2 
 .text.BSP_LCD_Init
                0x0000000008002714       0xe0 ./Core/Src/stm32746g_discovery_lcd.o
                0x0000000008002714                BSP_LCD_Init
 .text.BSP_LCD_GetXSize
                0x00000000080027f4       0x28 ./Core/Src/stm32746g_discovery_lcd.o
                0x00000000080027f4                BSP_LCD_GetXSize
 .text.BSP_LCD_GetYSize
                0x000000000800281c       0x28 ./Core/Src/stm32746g_discovery_lcd.o
                0x000000000800281c                BSP_LCD_GetYSize
 .text.BSP_LCD_LayerDefaultInit
                0x0000000008002844       0xc0 ./Core/Src/stm32746g_discovery_lcd.o
                0x0000000008002844                BSP_LCD_LayerDefaultInit
 .text.BSP_LCD_SelectLayer
                0x0000000008002904       0x20 ./Core/Src/stm32746g_discovery_lcd.o
                0x0000000008002904                BSP_LCD_SelectLayer
 .text.BSP_LCD_SetTextColor
                0x0000000008002924       0x30 ./Core/Src/stm32746g_discovery_lcd.o
                0x0000000008002924                BSP_LCD_SetTextColor
 .text.BSP_LCD_SetBackColor
                0x0000000008002954       0x34 ./Core/Src/stm32746g_discovery_lcd.o
                0x0000000008002954                BSP_LCD_SetBackColor
 .text.BSP_LCD_SetFont
                0x0000000008002988       0x34 ./Core/Src/stm32746g_discovery_lcd.o
                0x0000000008002988                BSP_LCD_SetFont
 .text.BSP_LCD_Clear
                0x00000000080029bc       0x50 ./Core/Src/stm32746g_discovery_lcd.o
                0x00000000080029bc                BSP_LCD_Clear
 .text.BSP_LCD_DisplayChar
                0x0000000008002a0c       0x88 ./Core/Src/stm32746g_discovery_lcd.o
                0x0000000008002a0c                BSP_LCD_DisplayChar
 .text.BSP_LCD_DisplayStringAt
                0x0000000008002a94      0x190 ./Core/Src/stm32746g_discovery_lcd.o
                0x0000000008002a94                BSP_LCD_DisplayStringAt
 .text.BSP_LCD_DrawHLine
                0x0000000008002c24       0xbc ./Core/Src/stm32746g_discovery_lcd.o
                0x0000000008002c24                BSP_LCD_DrawHLine
 .text.BSP_LCD_DrawCircle
                0x0000000008002ce0      0x1d4 ./Core/Src/stm32746g_discovery_lcd.o
                0x0000000008002ce0                BSP_LCD_DrawCircle
 .text.BSP_LCD_DrawPixel
                0x0000000008002eb4       0x90 ./Core/Src/stm32746g_discovery_lcd.o
                0x0000000008002eb4                BSP_LCD_DrawPixel
 .text.BSP_LCD_DrawBitmap
                0x0000000008002f44      0x164 ./Core/Src/stm32746g_discovery_lcd.o
                0x0000000008002f44                BSP_LCD_DrawBitmap
 .text.BSP_LCD_FillCircle
                0x00000000080030a8      0x140 ./Core/Src/stm32746g_discovery_lcd.o
                0x00000000080030a8                BSP_LCD_FillCircle
 .text.BSP_LCD_DisplayOn
                0x00000000080031e8       0x3c ./Core/Src/stm32746g_discovery_lcd.o
                0x00000000080031e8                BSP_LCD_DisplayOn
 .text.BSP_LCD_MspInit
                0x0000000008003224      0x1b4 ./Core/Src/stm32746g_discovery_lcd.o
                0x0000000008003224                BSP_LCD_MspInit
 .text.BSP_LCD_ClockConfig
                0x00000000080033d8       0x38 ./Core/Src/stm32746g_discovery_lcd.o
                0x00000000080033d8                BSP_LCD_ClockConfig
 .text.DrawChar
                0x0000000008003410      0x170 ./Core/Src/stm32746g_discovery_lcd.o
 .text.LL_FillBuffer
                0x0000000008003580       0x98 ./Core/Src/stm32746g_discovery_lcd.o
 .text.LL_ConvertLineToARGB8888
                0x0000000008003618       0x88 ./Core/Src/stm32746g_discovery_lcd.o
 .text.BSP_SDRAM_Init
                0x00000000080036a0       0xbc ./Core/Src/stm32746g_discovery_sdram.o
                0x00000000080036a0                BSP_SDRAM_Init
 .text.BSP_SDRAM_Initialization_sequence
                0x000000000800375c       0xc0 ./Core/Src/stm32746g_discovery_sdram.o
                0x000000000800375c                BSP_SDRAM_Initialization_sequence
 .text.BSP_SDRAM_MspInit
                0x000000000800381c      0x1f0 ./Core/Src/stm32746g_discovery_sdram.o
                0x000000000800381c                BSP_SDRAM_MspInit
 .text.BSP_TS_Init
                0x0000000008003a0c       0x80 ./Core/Src/stm32746g_discovery_ts.o
                0x0000000008003a0c                BSP_TS_Init
 .text.BSP_TS_GetState
                0x0000000008003a8c      0x374 ./Core/Src/stm32746g_discovery_ts.o
                0x0000000008003a8c                BSP_TS_GetState
 .text.BSP_TS_Get_GestureId
                0x0000000008003e00      0x104 ./Core/Src/stm32746g_discovery_ts.o
                0x0000000008003e00                BSP_TS_Get_GestureId
 .text.HAL_MspInit
                0x0000000008003f04       0x48 ./Core/Src/stm32f7xx_hal_msp.o
                0x0000000008003f04                HAL_MspInit
 .text.HAL_InitTick
                0x0000000008003f4c       0xf4 ./Core/Src/stm32f7xx_hal_timebase_tim.o
                0x0000000008003f4c                HAL_InitTick
 .text.NMI_Handler
                0x0000000008004040        0x6 ./Core/Src/stm32f7xx_it.o
                0x0000000008004040                NMI_Handler
 .text.HardFault_Handler
                0x0000000008004046        0x6 ./Core/Src/stm32f7xx_it.o
                0x0000000008004046                HardFault_Handler
 .text.MemManage_Handler
                0x000000000800404c        0x6 ./Core/Src/stm32f7xx_it.o
                0x000000000800404c                MemManage_Handler
 .text.BusFault_Handler
                0x0000000008004052        0x6 ./Core/Src/stm32f7xx_it.o
                0x0000000008004052                BusFault_Handler
 .text.UsageFault_Handler
                0x0000000008004058        0x6 ./Core/Src/stm32f7xx_it.o
                0x0000000008004058                UsageFault_Handler
 .text.SVC_Handler
                0x000000000800405e        0xe ./Core/Src/stm32f7xx_it.o
                0x000000000800405e                SVC_Handler
 .text.DebugMon_Handler
                0x000000000800406c        0xe ./Core/Src/stm32f7xx_it.o
                0x000000000800406c                DebugMon_Handler
 .text.PendSV_Handler
                0x000000000800407a        0xe ./Core/Src/stm32f7xx_it.o
                0x000000000800407a                PendSV_Handler
 .text.SysTick_Handler
                0x0000000008004088        0xe ./Core/Src/stm32f7xx_it.o
                0x0000000008004088                SysTick_Handler
 *fill*         0x0000000008004096        0x2 
 .text.TIM6_DAC_IRQHandler
                0x0000000008004098       0x28 ./Core/Src/stm32f7xx_it.o
                0x0000000008004098                TIM6_DAC_IRQHandler
 .text.LTDC_IRQHandler
                0x00000000080040c0       0x14 ./Core/Src/stm32f7xx_it.o
                0x00000000080040c0                LTDC_IRQHandler
 .text.DMA2D_IRQHandler
                0x00000000080040d4       0x14 ./Core/Src/stm32f7xx_it.o
                0x00000000080040d4                DMA2D_IRQHandler
 .text._sbrk    0x00000000080040e8       0x6c ./Core/Src/sysmem.o
                0x00000000080040e8                _sbrk
 .text.SystemInit
                0x0000000008004154       0x24 ./Core/Src/system_stm32f7xx.o
                0x0000000008004154                SystemInit
 .text.MX_TIM1_Init
                0x0000000008004178       0xa8 ./Core/Src/tim.o
                0x0000000008004178                MX_TIM1_Init
 .text.MX_TIM2_Init
                0x0000000008004220       0x9c ./Core/Src/tim.o
                0x0000000008004220                MX_TIM2_Init
 .text.MX_TIM3_Init
                0x00000000080042bc       0x9c ./Core/Src/tim.o
                0x00000000080042bc                MX_TIM3_Init
 .text.MX_TIM5_Init
                0x0000000008004358       0x9c ./Core/Src/tim.o
                0x0000000008004358                MX_TIM5_Init
 .text.MX_TIM8_Init
                0x00000000080043f4       0xa8 ./Core/Src/tim.o
                0x00000000080043f4                MX_TIM8_Init
 .text.HAL_TIM_Base_MspInit
                0x000000000800449c      0x124 ./Core/Src/tim.o
                0x000000000800449c                HAL_TIM_Base_MspInit
 .text.MX_UART7_Init
                0x00000000080045c0       0x60 ./Core/Src/usart.o
                0x00000000080045c0                MX_UART7_Init
 .text.MX_USART1_UART_Init
                0x0000000008004620       0x60 ./Core/Src/usart.o
                0x0000000008004620                MX_USART1_UART_Init
 .text.MX_USART6_UART_Init
                0x0000000008004680       0x60 ./Core/Src/usart.o
                0x0000000008004680                MX_USART6_UART_Init
 .text.HAL_UART_MspInit
                0x00000000080046e0      0x220 ./Core/Src/usart.o
                0x00000000080046e0                HAL_UART_MspInit
 .text.Reset_Handler
                0x0000000008004900       0x50 ./Core/Startup/startup_stm32f746nghx.o
                0x0000000008004900                Reset_Handler
 .text.Default_Handler
                0x0000000008004950        0x2 ./Core/Startup/startup_stm32f746nghx.o
                0x0000000008004950                RTC_Alarm_IRQHandler
                0x0000000008004950                EXTI2_IRQHandler
                0x0000000008004950                TIM8_CC_IRQHandler
                0x0000000008004950                UART8_IRQHandler
                0x0000000008004950                SPI4_IRQHandler
                0x0000000008004950                TIM1_CC_IRQHandler
                0x0000000008004950                DMA2_Stream5_IRQHandler
                0x0000000008004950                DMA1_Stream5_IRQHandler
                0x0000000008004950                PVD_IRQHandler
                0x0000000008004950                TAMP_STAMP_IRQHandler
                0x0000000008004950                CAN2_RX1_IRQHandler
                0x0000000008004950                EXTI3_IRQHandler
                0x0000000008004950                TIM8_TRG_COM_TIM14_IRQHandler
                0x0000000008004950                TIM1_UP_TIM10_IRQHandler
                0x0000000008004950                TIM8_UP_TIM13_IRQHandler
                0x0000000008004950                I2C3_ER_IRQHandler
                0x0000000008004950                EXTI0_IRQHandler
                0x0000000008004950                I2C2_EV_IRQHandler
                0x0000000008004950                DMA1_Stream2_IRQHandler
                0x0000000008004950                CAN1_RX0_IRQHandler
                0x0000000008004950                FPU_IRQHandler
                0x0000000008004950                OTG_HS_WKUP_IRQHandler
                0x0000000008004950                LTDC_ER_IRQHandler
                0x0000000008004950                CAN2_SCE_IRQHandler
                0x0000000008004950                DMA2_Stream2_IRQHandler
                0x0000000008004950                SPI1_IRQHandler
                0x0000000008004950                TIM1_BRK_TIM9_IRQHandler
                0x0000000008004950                DCMI_IRQHandler
                0x0000000008004950                CAN2_RX0_IRQHandler
                0x0000000008004950                DMA2_Stream3_IRQHandler
                0x0000000008004950                SAI2_IRQHandler
                0x0000000008004950                USART6_IRQHandler
                0x0000000008004950                USART3_IRQHandler
                0x0000000008004950                CAN1_RX1_IRQHandler
                0x0000000008004950                UART5_IRQHandler
                0x0000000008004950                DMA2_Stream0_IRQHandler
                0x0000000008004950                TIM4_IRQHandler
                0x0000000008004950                QUADSPI_IRQHandler
                0x0000000008004950                I2C1_EV_IRQHandler
                0x0000000008004950                DMA1_Stream6_IRQHandler
                0x0000000008004950                DMA1_Stream1_IRQHandler
                0x0000000008004950                UART4_IRQHandler
                0x0000000008004950                TIM3_IRQHandler
                0x0000000008004950                RCC_IRQHandler
                0x0000000008004950                TIM8_BRK_TIM12_IRQHandler
                0x0000000008004950                Default_Handler
                0x0000000008004950                CEC_IRQHandler
                0x0000000008004950                EXTI15_10_IRQHandler
                0x0000000008004950                ADC_IRQHandler
                0x0000000008004950                DMA1_Stream7_IRQHandler
                0x0000000008004950                SPI5_IRQHandler
                0x0000000008004950                TIM7_IRQHandler
                0x0000000008004950                SDMMC1_IRQHandler
                0x0000000008004950                CAN2_TX_IRQHandler
                0x0000000008004950                TIM5_IRQHandler
                0x0000000008004950                DMA2_Stream7_IRQHandler
                0x0000000008004950                I2C3_EV_IRQHandler
                0x0000000008004950                EXTI9_5_IRQHandler
                0x0000000008004950                RTC_WKUP_IRQHandler
                0x0000000008004950                ETH_WKUP_IRQHandler
                0x0000000008004950                SPDIF_RX_IRQHandler
                0x0000000008004950                SPI2_IRQHandler
                0x0000000008004950                OTG_HS_EP1_IN_IRQHandler
                0x0000000008004950                DMA1_Stream0_IRQHandler
                0x0000000008004950                CAN1_TX_IRQHandler
                0x0000000008004950                EXTI4_IRQHandler
                0x0000000008004950                RNG_IRQHandler
                0x0000000008004950                ETH_IRQHandler
                0x0000000008004950                OTG_HS_EP1_OUT_IRQHandler
                0x0000000008004950                WWDG_IRQHandler
                0x0000000008004950                SPI6_IRQHandler
                0x0000000008004950                I2C4_EV_IRQHandler
                0x0000000008004950                TIM2_IRQHandler
                0x0000000008004950                OTG_FS_WKUP_IRQHandler
                0x0000000008004950                TIM1_TRG_COM_TIM11_IRQHandler
                0x0000000008004950                OTG_HS_IRQHandler
                0x0000000008004950                EXTI1_IRQHandler
                0x0000000008004950                UART7_IRQHandler
                0x0000000008004950                USART2_IRQHandler
                0x0000000008004950                I2C2_ER_IRQHandler
                0x0000000008004950                DMA2_Stream1_IRQHandler
                0x0000000008004950                CAN1_SCE_IRQHandler
                0x0000000008004950                FLASH_IRQHandler
                0x0000000008004950                DMA2_Stream4_IRQHandler
                0x0000000008004950                USART1_IRQHandler
                0x0000000008004950                OTG_FS_IRQHandler
                0x0000000008004950                SPI3_IRQHandler
                0x0000000008004950                DMA1_Stream4_IRQHandler
                0x0000000008004950                I2C1_ER_IRQHandler
                0x0000000008004950                FMC_IRQHandler
                0x0000000008004950                LPTIM1_IRQHandler
                0x0000000008004950                I2C4_ER_IRQHandler
                0x0000000008004950                DMA2_Stream6_IRQHandler
                0x0000000008004950                SAI1_IRQHandler
                0x0000000008004950                DMA1_Stream3_IRQHandler
 .text.HAL_Init
                0x0000000008004952       0x1a ./Drivers/STM32F7xx_HAL_Driver/Src/stm32f7xx_hal.o
                0x0000000008004952                HAL_Init
 .text.HAL_IncTick
                0x000000000800496c       0x28 ./Drivers/STM32F7xx_HAL_Driver/Src/stm32f7xx_hal.o
                0x000000000800496c                HAL_IncTick
 .text.HAL_GetTick
                0x0000000008004994       0x18 ./Drivers/STM32F7xx_HAL_Driver/Src/stm32f7xx_hal.o
                0x0000000008004994                HAL_GetTick
 .text.HAL_Delay
                0x00000000080049ac       0x48 ./Drivers/STM32F7xx_HAL_Driver/Src/stm32f7xx_hal.o
                0x00000000080049ac                HAL_Delay
 .text.HAL_ADC_Init
                0x00000000080049f4       0x88 ./Drivers/STM32F7xx_HAL_Driver/Src/stm32f7xx_hal_adc.o
                0x00000000080049f4                HAL_ADC_Init
 .text.HAL_ADC_Start
                0x0000000008004a7c      0x19c ./Drivers/STM32F7xx_HAL_Driver/Src/stm32f7xx_hal_adc.o
                0x0000000008004a7c                HAL_ADC_Start
 .text.HAL_ADC_PollForConversion
                0x0000000008004c18      0x116 ./Drivers/STM32F7xx_HAL_Driver/Src/stm32f7xx_hal_adc.o
                0x0000000008004c18                HAL_ADC_PollForConversion
 .text.HAL_ADC_GetValue
                0x0000000008004d2e       0x1a ./Drivers/STM32F7xx_HAL_Driver/Src/stm32f7xx_hal_adc.o
                0x0000000008004d2e                HAL_ADC_GetValue
 .text.HAL_ADC_ConfigChannel
                0x0000000008004d48      0x2ac ./Drivers/STM32F7xx_HAL_Driver/Src/stm32f7xx_hal_adc.o
                0x0000000008004d48                HAL_ADC_ConfigChannel
 .text.ADC_Init
                0x0000000008004ff4      0x1f4 ./Drivers/STM32F7xx_HAL_Driver/Src/stm32f7xx_hal_adc.o
 .text.__NVIC_SetPriorityGrouping
                0x00000000080051e8       0x48 ./Drivers/STM32F7xx_HAL_Driver/Src/stm32f7xx_hal_cortex.o
 .text.__NVIC_GetPriorityGrouping
                0x0000000008005230       0x1c ./Drivers/STM32F7xx_HAL_Driver/Src/stm32f7xx_hal_cortex.o
 .text.__NVIC_EnableIRQ
                0x000000000800524c       0x3c ./Drivers/STM32F7xx_HAL_Driver/Src/stm32f7xx_hal_cortex.o
 .text.__NVIC_SetPriority
                0x0000000008005288       0x54 ./Drivers/STM32F7xx_HAL_Driver/Src/stm32f7xx_hal_cortex.o
 .text.NVIC_EncodePriority
                0x00000000080052dc       0x66 ./Drivers/STM32F7xx_HAL_Driver/Src/stm32f7xx_hal_cortex.o
 .text.HAL_NVIC_SetPriorityGrouping
                0x0000000008005342       0x16 ./Drivers/STM32F7xx_HAL_Driver/Src/stm32f7xx_hal_cortex.o
                0x0000000008005342                HAL_NVIC_SetPriorityGrouping
 .text.HAL_NVIC_SetPriority
                0x0000000008005358       0x38 ./Drivers/STM32F7xx_HAL_Driver/Src/stm32f7xx_hal_cortex.o
                0x0000000008005358                HAL_NVIC_SetPriority
 .text.HAL_NVIC_EnableIRQ
                0x0000000008005390       0x1c ./Drivers/STM32F7xx_HAL_Driver/Src/stm32f7xx_hal_cortex.o
                0x0000000008005390                HAL_NVIC_EnableIRQ
 .text.HAL_DAC_Init
                0x00000000080053ac       0x44 ./Drivers/STM32F7xx_HAL_Driver/Src/stm32f7xx_hal_dac.o
                0x00000000080053ac                HAL_DAC_Init
 .text.HAL_DAC_IRQHandler
                0x00000000080053f0       0xb4 ./Drivers/STM32F7xx_HAL_Driver/Src/stm32f7xx_hal_dac.o
                0x00000000080053f0                HAL_DAC_IRQHandler
 .text.HAL_DAC_DMAUnderrunCallbackCh1
                0x00000000080054a4       0x14 ./Drivers/STM32F7xx_HAL_Driver/Src/stm32f7xx_hal_dac.o
                0x00000000080054a4                HAL_DAC_DMAUnderrunCallbackCh1
 .text.HAL_DAC_ConfigChannel
                0x00000000080054b8       0x9e ./Drivers/STM32F7xx_HAL_Driver/Src/stm32f7xx_hal_dac.o
                0x00000000080054b8                HAL_DAC_ConfigChannel
 .text.HAL_DACEx_DMAUnderrunCallbackCh2
                0x0000000008005556       0x14 ./Drivers/STM32F7xx_HAL_Driver/Src/stm32f7xx_hal_dac_ex.o
                0x0000000008005556                HAL_DACEx_DMAUnderrunCallbackCh2
 *fill*         0x000000000800556a        0x2 
 .text.HAL_DMA_Init
                0x000000000800556c      0x15c ./Drivers/STM32F7xx_HAL_Driver/Src/stm32f7xx_hal_dma.o
                0x000000000800556c                HAL_DMA_Init
 .text.HAL_DMA_DeInit
                0x00000000080056c8       0xbc ./Drivers/STM32F7xx_HAL_Driver/Src/stm32f7xx_hal_dma.o
                0x00000000080056c8                HAL_DMA_DeInit
 .text.DMA_CalcBaseAndBitshift
                0x0000000008005784       0x6c ./Drivers/STM32F7xx_HAL_Driver/Src/stm32f7xx_hal_dma.o
 .text.DMA_CheckFifoParam
                0x00000000080057f0       0xf8 ./Drivers/STM32F7xx_HAL_Driver/Src/stm32f7xx_hal_dma.o
 .text.HAL_DMA2D_Init
                0x00000000080058e8       0x94 ./Drivers/STM32F7xx_HAL_Driver/Src/stm32f7xx_hal_dma2d.o
                0x00000000080058e8                HAL_DMA2D_Init
 .text.HAL_DMA2D_Start
                0x000000000800597c       0x56 ./Drivers/STM32F7xx_HAL_Driver/Src/stm32f7xx_hal_dma2d.o
                0x000000000800597c                HAL_DMA2D_Start
 .text.HAL_DMA2D_PollForTransfer
                0x00000000080059d2      0x1d2 ./Drivers/STM32F7xx_HAL_Driver/Src/stm32f7xx_hal_dma2d.o
                0x00000000080059d2                HAL_DMA2D_PollForTransfer
 .text.HAL_DMA2D_IRQHandler
                0x0000000008005ba4      0x1f8 ./Drivers/STM32F7xx_HAL_Driver/Src/stm32f7xx_hal_dma2d.o
                0x0000000008005ba4                HAL_DMA2D_IRQHandler
 .text.HAL_DMA2D_LineEventCallback
                0x0000000008005d9c       0x14 ./Drivers/STM32F7xx_HAL_Driver/Src/stm32f7xx_hal_dma2d.o
                0x0000000008005d9c                HAL_DMA2D_LineEventCallback
 .text.HAL_DMA2D_CLUTLoadingCpltCallback
                0x0000000008005db0       0x14 ./Drivers/STM32F7xx_HAL_Driver/Src/stm32f7xx_hal_dma2d.o
                0x0000000008005db0                HAL_DMA2D_CLUTLoadingCpltCallback
 .text.HAL_DMA2D_ConfigLayer
                0x0000000008005dc4      0x124 ./Drivers/STM32F7xx_HAL_Driver/Src/stm32f7xx_hal_dma2d.o
                0x0000000008005dc4                HAL_DMA2D_ConfigLayer
 .text.DMA2D_SetConfig
                0x0000000008005ee8      0x138 ./Drivers/STM32F7xx_HAL_Driver/Src/stm32f7xx_hal_dma2d.o
 .text.HAL_GPIO_Init
                0x0000000008006020      0x358 ./Drivers/STM32F7xx_HAL_Driver/Src/stm32f7xx_hal_gpio.o
                0x0000000008006020                HAL_GPIO_Init
 .text.HAL_GPIO_DeInit
                0x0000000008006378      0x218 ./Drivers/STM32F7xx_HAL_Driver/Src/stm32f7xx_hal_gpio.o
                0x0000000008006378                HAL_GPIO_DeInit
 .text.HAL_GPIO_ReadPin
                0x0000000008006590       0x30 ./Drivers/STM32F7xx_HAL_Driver/Src/stm32f7xx_hal_gpio.o
                0x0000000008006590                HAL_GPIO_ReadPin
 .text.HAL_GPIO_WritePin
                0x00000000080065c0       0x32 ./Drivers/STM32F7xx_HAL_Driver/Src/stm32f7xx_hal_gpio.o
                0x00000000080065c0                HAL_GPIO_WritePin
 *fill*         0x00000000080065f2        0x2 
 .text.HAL_I2C_Init
                0x00000000080065f4      0x120 ./Drivers/STM32F7xx_HAL_Driver/Src/stm32f7xx_hal_i2c.o
                0x00000000080065f4                HAL_I2C_Init
 .text.HAL_I2C_DeInit
                0x0000000008006714       0x5e ./Drivers/STM32F7xx_HAL_Driver/Src/stm32f7xx_hal_i2c.o
                0x0000000008006714                HAL_I2C_DeInit
 *fill*         0x0000000008006772        0x2 
 .text.HAL_I2C_Mem_Write
                0x0000000008006774      0x228 ./Drivers/STM32F7xx_HAL_Driver/Src/stm32f7xx_hal_i2c.o
                0x0000000008006774                HAL_I2C_Mem_Write
 .text.HAL_I2C_Mem_Read
                0x000000000800699c      0x234 ./Drivers/STM32F7xx_HAL_Driver/Src/stm32f7xx_hal_i2c.o
                0x000000000800699c                HAL_I2C_Mem_Read
 .text.HAL_I2C_GetState
                0x0000000008006bd0       0x1c ./Drivers/STM32F7xx_HAL_Driver/Src/stm32f7xx_hal_i2c.o
                0x0000000008006bd0                HAL_I2C_GetState
 .text.I2C_RequestMemoryWrite
                0x0000000008006bec       0xa8 ./Drivers/STM32F7xx_HAL_Driver/Src/stm32f7xx_hal_i2c.o
 .text.I2C_RequestMemoryRead
                0x0000000008006c94       0xa8 ./Drivers/STM32F7xx_HAL_Driver/Src/stm32f7xx_hal_i2c.o
 .text.I2C_Flush_TXDR
                0x0000000008006d3c       0x48 ./Drivers/STM32F7xx_HAL_Driver/Src/stm32f7xx_hal_i2c.o
 .text.I2C_WaitOnFlagUntilTimeout
                0x0000000008006d84       0x80 ./Drivers/STM32F7xx_HAL_Driver/Src/stm32f7xx_hal_i2c.o
 .text.I2C_WaitOnTXISFlagUntilTimeout
                0x0000000008006e04       0x80 ./Drivers/STM32F7xx_HAL_Driver/Src/stm32f7xx_hal_i2c.o
 .text.I2C_WaitOnSTOPFlagUntilTimeout
                0x0000000008006e84       0x78 ./Drivers/STM32F7xx_HAL_Driver/Src/stm32f7xx_hal_i2c.o
 .text.I2C_IsErrorOccurred
                0x0000000008006efc      0x1c0 ./Drivers/STM32F7xx_HAL_Driver/Src/stm32f7xx_hal_i2c.o
 .text.I2C_TransferConfig
                0x00000000080070bc       0x64 ./Drivers/STM32F7xx_HAL_Driver/Src/stm32f7xx_hal_i2c.o
 .text.HAL_I2CEx_ConfigAnalogFilter
                0x0000000008007120       0x96 ./Drivers/STM32F7xx_HAL_Driver/Src/stm32f7xx_hal_i2c_ex.o
                0x0000000008007120                HAL_I2CEx_ConfigAnalogFilter
 .text.HAL_I2CEx_ConfigDigitalFilter
                0x00000000080071b6       0x98 ./Drivers/STM32F7xx_HAL_Driver/Src/stm32f7xx_hal_i2c_ex.o
                0x00000000080071b6                HAL_I2CEx_ConfigDigitalFilter
 *fill*         0x000000000800724e        0x2 
 .text.HAL_LTDC_Init
                0x0000000008007250      0x1a0 ./Drivers/STM32F7xx_HAL_Driver/Src/stm32f7xx_hal_ltdc.o
                0x0000000008007250                HAL_LTDC_Init
 .text.HAL_LTDC_IRQHandler
                0x00000000080073f0      0x148 ./Drivers/STM32F7xx_HAL_Driver/Src/stm32f7xx_hal_ltdc.o
                0x00000000080073f0                HAL_LTDC_IRQHandler
 .text.HAL_LTDC_ErrorCallback
                0x0000000008007538       0x14 ./Drivers/STM32F7xx_HAL_Driver/Src/stm32f7xx_hal_ltdc.o
                0x0000000008007538                HAL_LTDC_ErrorCallback
 .text.HAL_LTDC_LineEventCallback
                0x000000000800754c       0x14 ./Drivers/STM32F7xx_HAL_Driver/Src/stm32f7xx_hal_ltdc.o
                0x000000000800754c                HAL_LTDC_LineEventCallback
 .text.HAL_LTDC_ReloadEventCallback
                0x0000000008007560       0x14 ./Drivers/STM32F7xx_HAL_Driver/Src/stm32f7xx_hal_ltdc.o
                0x0000000008007560                HAL_LTDC_ReloadEventCallback
 .text.HAL_LTDC_ConfigLayer
                0x0000000008007574       0x7c ./Drivers/STM32F7xx_HAL_Driver/Src/stm32f7xx_hal_ltdc.o
                0x0000000008007574                HAL_LTDC_ConfigLayer
 .text.HAL_LTDC_GetState
                0x00000000080075f0       0x1c ./Drivers/STM32F7xx_HAL_Driver/Src/stm32f7xx_hal_ltdc.o
                0x00000000080075f0                HAL_LTDC_GetState
 .text.LTDC_SetConfig
                0x000000000800760c      0x334 ./Drivers/STM32F7xx_HAL_Driver/Src/stm32f7xx_hal_ltdc.o
 .text.HAL_PWR_EnableBkUpAccess
                0x0000000008007940       0x20 ./Drivers/STM32F7xx_HAL_Driver/Src/stm32f7xx_hal_pwr.o
                0x0000000008007940                HAL_PWR_EnableBkUpAccess
 .text.HAL_PWREx_EnableOverDrive
                0x0000000008007960       0xa0 ./Drivers/STM32F7xx_HAL_Driver/Src/stm32f7xx_hal_pwr_ex.o
                0x0000000008007960                HAL_PWREx_EnableOverDrive
 .text.HAL_RCC_OscConfig
                0x0000000008007a00      0x548 ./Drivers/STM32F7xx_HAL_Driver/Src/stm32f7xx_hal_rcc.o
                0x0000000008007a00                HAL_RCC_OscConfig
 .text.HAL_RCC_ClockConfig
                0x0000000008007f48      0x1d8 ./Drivers/STM32F7xx_HAL_Driver/Src/stm32f7xx_hal_rcc.o
                0x0000000008007f48                HAL_RCC_ClockConfig
 .text.HAL_RCC_GetSysClockFreq
                0x0000000008008120      0x18c ./Drivers/STM32F7xx_HAL_Driver/Src/stm32f7xx_hal_rcc.o
                0x0000000008008120                HAL_RCC_GetSysClockFreq
 .text.HAL_RCC_GetHCLKFreq
                0x00000000080082ac       0x18 ./Drivers/STM32F7xx_HAL_Driver/Src/stm32f7xx_hal_rcc.o
                0x00000000080082ac                HAL_RCC_GetHCLKFreq
 .text.HAL_RCC_GetPCLK1Freq
                0x00000000080082c4       0x28 ./Drivers/STM32F7xx_HAL_Driver/Src/stm32f7xx_hal_rcc.o
                0x00000000080082c4                HAL_RCC_GetPCLK1Freq
 .text.HAL_RCC_GetPCLK2Freq
                0x00000000080082ec       0x28 ./Drivers/STM32F7xx_HAL_Driver/Src/stm32f7xx_hal_rcc.o
                0x00000000080082ec                HAL_RCC_GetPCLK2Freq
 .text.HAL_RCC_GetClockConfig
                0x0000000008008314       0x64 ./Drivers/STM32F7xx_HAL_Driver/Src/stm32f7xx_hal_rcc.o
                0x0000000008008314                HAL_RCC_GetClockConfig
 .text.HAL_RCCEx_PeriphCLKConfig
                0x0000000008008378      0x7e0 ./Drivers/STM32F7xx_HAL_Driver/Src/stm32f7xx_hal_rcc_ex.o
                0x0000000008008378                HAL_RCCEx_PeriphCLKConfig
 .text.HAL_RTC_Init
                0x0000000008008b58      0x108 ./Drivers/STM32F7xx_HAL_Driver/Src/stm32f7xx_hal_rtc.o
                0x0000000008008b58                HAL_RTC_Init
 .text.HAL_RTC_SetTime
                0x0000000008008c60      0x134 ./Drivers/STM32F7xx_HAL_Driver/Src/stm32f7xx_hal_rtc.o
                0x0000000008008c60                HAL_RTC_SetTime
 .text.HAL_RTC_SetDate
                0x0000000008008d94      0x108 ./Drivers/STM32F7xx_HAL_Driver/Src/stm32f7xx_hal_rtc.o
                0x0000000008008d94                HAL_RTC_SetDate
 .text.HAL_RTC_SetAlarm
                0x0000000008008e9c      0x254 ./Drivers/STM32F7xx_HAL_Driver/Src/stm32f7xx_hal_rtc.o
                0x0000000008008e9c                HAL_RTC_SetAlarm
 .text.HAL_RTC_WaitForSynchro
                0x00000000080090f0       0x50 ./Drivers/STM32F7xx_HAL_Driver/Src/stm32f7xx_hal_rtc.o
                0x00000000080090f0                HAL_RTC_WaitForSynchro
 .text.RTC_EnterInitMode
                0x0000000008009140       0x6e ./Drivers/STM32F7xx_HAL_Driver/Src/stm32f7xx_hal_rtc.o
                0x0000000008009140                RTC_EnterInitMode
 .text.RTC_ExitInitMode
                0x00000000080091ae       0x4a ./Drivers/STM32F7xx_HAL_Driver/Src/stm32f7xx_hal_rtc.o
                0x00000000080091ae                RTC_ExitInitMode
 .text.RTC_ByteToBcd2
                0x00000000080091f8       0x3c ./Drivers/STM32F7xx_HAL_Driver/Src/stm32f7xx_hal_rtc.o
                0x00000000080091f8                RTC_ByteToBcd2
 .text.HAL_RTCEx_SetTimeStamp
                0x0000000008009234       0xd0 ./Drivers/STM32F7xx_HAL_Driver/Src/stm32f7xx_hal_rtc_ex.o
                0x0000000008009234                HAL_RTCEx_SetTimeStamp
 .text.HAL_SDRAM_Init
                0x0000000008009304       0x68 ./Drivers/STM32F7xx_HAL_Driver/Src/stm32f7xx_hal_sdram.o
                0x0000000008009304                HAL_SDRAM_Init
 .text.HAL_SDRAM_SendCommand
                0x000000000800936c       0x6a ./Drivers/STM32F7xx_HAL_Driver/Src/stm32f7xx_hal_sdram.o
                0x000000000800936c                HAL_SDRAM_SendCommand
 .text.HAL_SDRAM_ProgramRefreshRate
                0x00000000080093d6       0x50 ./Drivers/STM32F7xx_HAL_Driver/Src/stm32f7xx_hal_sdram.o
                0x00000000080093d6                HAL_SDRAM_ProgramRefreshRate
 .text.HAL_SPI_Init
                0x0000000008009426      0x156 ./Drivers/STM32F7xx_HAL_Driver/Src/stm32f7xx_hal_spi.o
                0x0000000008009426                HAL_SPI_Init
 .text.HAL_TIM_Base_Init
                0x000000000800957c       0xae ./Drivers/STM32F7xx_HAL_Driver/Src/stm32f7xx_hal_tim.o
                0x000000000800957c                HAL_TIM_Base_Init
 *fill*         0x000000000800962a        0x2 
 .text.HAL_TIM_Base_Start_IT
                0x000000000800962c       0xf0 ./Drivers/STM32F7xx_HAL_Driver/Src/stm32f7xx_hal_tim.o
                0x000000000800962c                HAL_TIM_Base_Start_IT
 .text.HAL_TIM_IRQHandler
                0x000000000800971c      0x23e ./Drivers/STM32F7xx_HAL_Driver/Src/stm32f7xx_hal_tim.o
                0x000000000800971c                HAL_TIM_IRQHandler
 *fill*         0x000000000800995a        0x2 
 .text.HAL_TIM_ConfigClockSource
                0x000000000800995c      0x194 ./Drivers/STM32F7xx_HAL_Driver/Src/stm32f7xx_hal_tim.o
                0x000000000800995c                HAL_TIM_ConfigClockSource
 .text.HAL_TIM_OC_DelayElapsedCallback
                0x0000000008009af0       0x14 ./Drivers/STM32F7xx_HAL_Driver/Src/stm32f7xx_hal_tim.o
                0x0000000008009af0                HAL_TIM_OC_DelayElapsedCallback
 .text.HAL_TIM_IC_CaptureCallback
                0x0000000008009b04       0x14 ./Drivers/STM32F7xx_HAL_Driver/Src/stm32f7xx_hal_tim.o
                0x0000000008009b04                HAL_TIM_IC_CaptureCallback
 .text.HAL_TIM_PWM_PulseFinishedCallback
                0x0000000008009b18       0x14 ./Drivers/STM32F7xx_HAL_Driver/Src/stm32f7xx_hal_tim.o
                0x0000000008009b18                HAL_TIM_PWM_PulseFinishedCallback
 .text.HAL_TIM_TriggerCallback
                0x0000000008009b2c       0x14 ./Drivers/STM32F7xx_HAL_Driver/Src/stm32f7xx_hal_tim.o
                0x0000000008009b2c                HAL_TIM_TriggerCallback
 .text.TIM_Base_SetConfig
                0x0000000008009b40      0x140 ./Drivers/STM32F7xx_HAL_Driver/Src/stm32f7xx_hal_tim.o
                0x0000000008009b40                TIM_Base_SetConfig
 .text.TIM_TI1_ConfigInputStage
                0x0000000008009c80       0x5e ./Drivers/STM32F7xx_HAL_Driver/Src/stm32f7xx_hal_tim.o
 .text.TIM_TI2_ConfigInputStage
                0x0000000008009cde       0x60 ./Drivers/STM32F7xx_HAL_Driver/Src/stm32f7xx_hal_tim.o
 .text.TIM_ITRx_SetConfig
                0x0000000008009d3e       0x36 ./Drivers/STM32F7xx_HAL_Driver/Src/stm32f7xx_hal_tim.o
 .text.TIM_ETR_SetConfig
                0x0000000008009d74       0x40 ./Drivers/STM32F7xx_HAL_Driver/Src/stm32f7xx_hal_tim.o
                0x0000000008009d74                TIM_ETR_SetConfig
 .text.HAL_TIMEx_MasterConfigSynchronization
                0x0000000008009db4      0x11c ./Drivers/STM32F7xx_HAL_Driver/Src/stm32f7xx_hal_tim_ex.o
                0x0000000008009db4                HAL_TIMEx_MasterConfigSynchronization
 .text.HAL_TIMEx_CommutCallback
                0x0000000008009ed0       0x14 ./Drivers/STM32F7xx_HAL_Driver/Src/stm32f7xx_hal_tim_ex.o
                0x0000000008009ed0                HAL_TIMEx_CommutCallback
 .text.HAL_TIMEx_BreakCallback
                0x0000000008009ee4       0x14 ./Drivers/STM32F7xx_HAL_Driver/Src/stm32f7xx_hal_tim_ex.o
                0x0000000008009ee4                HAL_TIMEx_BreakCallback
 .text.HAL_TIMEx_Break2Callback
                0x0000000008009ef8       0x14 ./Drivers/STM32F7xx_HAL_Driver/Src/stm32f7xx_hal_tim_ex.o
                0x0000000008009ef8                HAL_TIMEx_Break2Callback
 .text.HAL_UART_Init
                0x0000000008009f0c       0x9c ./Drivers/STM32F7xx_HAL_Driver/Src/stm32f7xx_hal_uart.o
                0x0000000008009f0c                HAL_UART_Init
 .text.HAL_UART_Transmit
                0x0000000008009fa8      0x106 ./Drivers/STM32F7xx_HAL_Driver/Src/stm32f7xx_hal_uart.o
                0x0000000008009fa8                HAL_UART_Transmit
 .text.HAL_UART_Receive
                0x000000000800a0ae      0x188 ./Drivers/STM32F7xx_HAL_Driver/Src/stm32f7xx_hal_uart.o
                0x000000000800a0ae                HAL_UART_Receive
 *fill*         0x000000000800a236        0x2 
 .text.UART_SetConfig
                0x000000000800a238      0x4c8 ./Drivers/STM32F7xx_HAL_Driver/Src/stm32f7xx_hal_uart.o
                0x000000000800a238                UART_SetConfig
 .text.UART_AdvFeatureConfig
                0x000000000800a700      0x144 ./Drivers/STM32F7xx_HAL_Driver/Src/stm32f7xx_hal_uart.o
                0x000000000800a700                UART_AdvFeatureConfig
 .text.UART_CheckIdleState
                0x000000000800a844       0x6e ./Drivers/STM32F7xx_HAL_Driver/Src/stm32f7xx_hal_uart.o
                0x000000000800a844                UART_CheckIdleState
 .text.UART_WaitOnFlagUntilTimeout
                0x000000000800a8b2      0x18c ./Drivers/STM32F7xx_HAL_Driver/Src/stm32f7xx_hal_uart.o
                0x000000000800a8b2                UART_WaitOnFlagUntilTimeout
 *fill*         0x000000000800aa3e        0x2 
 .text.FMC_SDRAM_Init
                0x000000000800aa40       0xb8 ./Drivers/STM32F7xx_HAL_Driver/Src/stm32f7xx_ll_fmc.o
                0x000000000800aa40                FMC_SDRAM_Init
 .text.FMC_SDRAM_Timing_Init
                0x000000000800aaf8       0xd4 ./Drivers/STM32F7xx_HAL_Driver/Src/stm32f7xx_ll_fmc.o
                0x000000000800aaf8                FMC_SDRAM_Timing_Init
 .text.FMC_SDRAM_SendCommand
                0x000000000800abcc       0x48 ./Drivers/STM32F7xx_HAL_Driver/Src/stm32f7xx_ll_fmc.o
                0x000000000800abcc                FMC_SDRAM_SendCommand
 .text.FMC_SDRAM_ProgramRefreshRate
                0x000000000800ac14       0x30 ./Drivers/STM32F7xx_HAL_Driver/Src/stm32f7xx_ll_fmc.o
                0x000000000800ac14                FMC_SDRAM_ProgramRefreshRate
 .text.sprintf  0x000000000800ac44       0x40 C:/ST/STM32CubeIDE_1.14.1/STM32CubeIDE/plugins/com.st.stm32cube.ide.mcu.externaltools.gnu-tools-for-stm32.11.3.rel1.win32_1.1.100.202309141235/tools/bin/../lib/gcc/arm-none-eabi/11.3.1/../../../../arm-none-eabi/lib/thumb/v7e-m+fp/hard\libc_nano.a(libc_a-sprintf.o)
                0x000000000800ac44                siprintf
                0x000000000800ac44                sprintf
 .text.memset   0x000000000800ac84       0x10 C:/ST/STM32CubeIDE_1.14.1/STM32CubeIDE/plugins/com.st.stm32cube.ide.mcu.externaltools.gnu-tools-for-stm32.11.3.rel1.win32_1.1.100.202309141235/tools/bin/../lib/gcc/arm-none-eabi/11.3.1/../../../../arm-none-eabi/lib/thumb/v7e-m+fp/hard\libc_nano.a(libc_a-memset.o)
                0x000000000800ac84                memset
 .text.__errno  0x000000000800ac94        0xc C:/ST/STM32CubeIDE_1.14.1/STM32CubeIDE/plugins/com.st.stm32cube.ide.mcu.externaltools.gnu-tools-for-stm32.11.3.rel1.win32_1.1.100.202309141235/tools/bin/../lib/gcc/arm-none-eabi/11.3.1/../../../../arm-none-eabi/lib/thumb/v7e-m+fp/hard\libc_nano.a(libc_a-errno.o)
                0x000000000800ac94                __errno
 .text.__libc_init_array
                0x000000000800aca0       0x48 C:/ST/STM32CubeIDE_1.14.1/STM32CubeIDE/plugins/com.st.stm32cube.ide.mcu.externaltools.gnu-tools-for-stm32.11.3.rel1.win32_1.1.100.202309141235/tools/bin/../lib/gcc/arm-none-eabi/11.3.1/../../../../arm-none-eabi/lib/thumb/v7e-m+fp/hard\libc_nano.a(libc_a-init.o)
                0x000000000800aca0                __libc_init_array
 .text.__retarget_lock_acquire_recursive
                0x000000000800ace8        0x2 C:/ST/STM32CubeIDE_1.14.1/STM32CubeIDE/plugins/com.st.stm32cube.ide.mcu.externaltools.gnu-tools-for-stm32.11.3.rel1.win32_1.1.100.202309141235/tools/bin/../lib/gcc/arm-none-eabi/11.3.1/../../../../arm-none-eabi/lib/thumb/v7e-m+fp/hard\libc_nano.a(libc_a-lock.o)
                0x000000000800ace8                __retarget_lock_acquire_recursive
 .text.__retarget_lock_release_recursive
                0x000000000800acea        0x2 C:/ST/STM32CubeIDE_1.14.1/STM32CubeIDE/plugins/com.st.stm32cube.ide.mcu.externaltools.gnu-tools-for-stm32.11.3.rel1.win32_1.1.100.202309141235/tools/bin/../lib/gcc/arm-none-eabi/11.3.1/../../../../arm-none-eabi/lib/thumb/v7e-m+fp/hard\libc_nano.a(libc_a-lock.o)
                0x000000000800acea                __retarget_lock_release_recursive
 .text._free_r  0x000000000800acec       0x98 C:/ST/STM32CubeIDE_1.14.1/STM32CubeIDE/plugins/com.st.stm32cube.ide.mcu.externaltools.gnu-tools-for-stm32.11.3.rel1.win32_1.1.100.202309141235/tools/bin/../lib/gcc/arm-none-eabi/11.3.1/../../../../arm-none-eabi/lib/thumb/v7e-m+fp/hard\libc_nano.a(libc_a-freer.o)
                0x000000000800acec                _free_r
 .text.sbrk_aligned
                0x000000000800ad84       0x40 C:/ST/STM32CubeIDE_1.14.1/STM32CubeIDE/plugins/com.st.stm32cube.ide.mcu.externaltools.gnu-tools-for-stm32.11.3.rel1.win32_1.1.100.202309141235/tools/bin/../lib/gcc/arm-none-eabi/11.3.1/../../../../arm-none-eabi/lib/thumb/v7e-m+fp/hard\libc_nano.a(libc_a-mallocr.o)
 .text._malloc_r
                0x000000000800adc4      0x100 C:/ST/STM32CubeIDE_1.14.1/STM32CubeIDE/plugins/com.st.stm32cube.ide.mcu.externaltools.gnu-tools-for-stm32.11.3.rel1.win32_1.1.100.202309141235/tools/bin/../lib/gcc/arm-none-eabi/11.3.1/../../../../arm-none-eabi/lib/thumb/v7e-m+fp/hard\libc_nano.a(libc_a-mallocr.o)
                0x000000000800adc4                _malloc_r
 .text.__malloc_lock
                0x000000000800aec4        0xc C:/ST/STM32CubeIDE_1.14.1/STM32CubeIDE/plugins/com.st.stm32cube.ide.mcu.externaltools.gnu-tools-for-stm32.11.3.rel1.win32_1.1.100.202309141235/tools/bin/../lib/gcc/arm-none-eabi/11.3.1/../../../../arm-none-eabi/lib/thumb/v7e-m+fp/hard\libc_nano.a(libc_a-mlock.o)
                0x000000000800aec4                __malloc_lock
 .text.__malloc_unlock
                0x000000000800aed0        0xc C:/ST/STM32CubeIDE_1.14.1/STM32CubeIDE/plugins/com.st.stm32cube.ide.mcu.externaltools.gnu-tools-for-stm32.11.3.rel1.win32_1.1.100.202309141235/tools/bin/../lib/gcc/arm-none-eabi/11.3.1/../../../../arm-none-eabi/lib/thumb/v7e-m+fp/hard\libc_nano.a(libc_a-mlock.o)
                0x000000000800aed0                __malloc_unlock
 .text.__ssputs_r
                0x000000000800aedc       0xb4 C:/ST/STM32CubeIDE_1.14.1/STM32CubeIDE/plugins/com.st.stm32cube.ide.mcu.externaltools.gnu-tools-for-stm32.11.3.rel1.win32_1.1.100.202309141235/tools/bin/../lib/gcc/arm-none-eabi/11.3.1/../../../../arm-none-eabi/lib/thumb/v7e-m+fp/hard\libc_nano.a(libc_a-nano-svfprintf.o)
                0x000000000800aedc                __ssputs_r
 .text._svfprintf_r
                0x000000000800af90      0x1fc C:/ST/STM32CubeIDE_1.14.1/STM32CubeIDE/plugins/com.st.stm32cube.ide.mcu.externaltools.gnu-tools-for-stm32.11.3.rel1.win32_1.1.100.202309141235/tools/bin/../lib/gcc/arm-none-eabi/11.3.1/../../../../arm-none-eabi/lib/thumb/v7e-m+fp/hard\libc_nano.a(libc_a-nano-svfprintf.o)
                0x000000000800af90                _svfiprintf_r
                0x000000000800af90                _svfprintf_r
 .text._printf_common
                0x000000000800b18c       0xda C:/ST/STM32CubeIDE_1.14.1/STM32CubeIDE/plugins/com.st.stm32cube.ide.mcu.externaltools.gnu-tools-for-stm32.11.3.rel1.win32_1.1.100.202309141235/tools/bin/../lib/gcc/arm-none-eabi/11.3.1/../../../../arm-none-eabi/lib/thumb/v7e-m+fp/hard\libc_nano.a(libc_a-nano-vfprintf_i.o)
                0x000000000800b18c                _printf_common
 *fill*         0x000000000800b266        0x2 
 .text._printf_i
                0x000000000800b268      0x244 C:/ST/STM32CubeIDE_1.14.1/STM32CubeIDE/plugins/com.st.stm32cube.ide.mcu.externaltools.gnu-tools-for-stm32.11.3.rel1.win32_1.1.100.202309141235/tools/bin/../lib/gcc/arm-none-eabi/11.3.1/../../../../arm-none-eabi/lib/thumb/v7e-m+fp/hard\libc_nano.a(libc_a-nano-vfprintf_i.o)
                0x000000000800b268                _printf_i
 .text.memmove  0x000000000800b4ac       0x34 C:/ST/STM32CubeIDE_1.14.1/STM32CubeIDE/plugins/com.st.stm32cube.ide.mcu.externaltools.gnu-tools-for-stm32.11.3.rel1.win32_1.1.100.202309141235/tools/bin/../lib/gcc/arm-none-eabi/11.3.1/../../../../arm-none-eabi/lib/thumb/v7e-m+fp/hard\libc_nano.a(libc_a-memmove.o)
                0x000000000800b4ac                memmove
 .text._sbrk_r  0x000000000800b4e0       0x20 C:/ST/STM32CubeIDE_1.14.1/STM32CubeIDE/plugins/com.st.stm32cube.ide.mcu.externaltools.gnu-tools-for-stm32.11.3.rel1.win32_1.1.100.202309141235/tools/bin/../lib/gcc/arm-none-eabi/11.3.1/../../../../arm-none-eabi/lib/thumb/v7e-m+fp/hard\libc_nano.a(libc_a-sbrkr.o)
                0x000000000800b4e0                _sbrk_r
 .text.memcpy   0x000000000800b500       0x1c C:/ST/STM32CubeIDE_1.14.1/STM32CubeIDE/plugins/com.st.stm32cube.ide.mcu.externaltools.gnu-tools-for-stm32.11.3.rel1.win32_1.1.100.202309141235/tools/bin/../lib/gcc/arm-none-eabi/11.3.1/../../../../arm-none-eabi/lib/thumb/v7e-m+fp/hard\libc_nano.a(libc_a-memcpy-stub.o)
                0x000000000800b500                memcpy
 .text._realloc_r
                0x000000000800b51c       0x5e C:/ST/STM32CubeIDE_1.14.1/STM32CubeIDE/plugins/com.st.stm32cube.ide.mcu.externaltools.gnu-tools-for-stm32.11.3.rel1.win32_1.1.100.202309141235/tools/bin/../lib/gcc/arm-none-eabi/11.3.1/../../../../arm-none-eabi/lib/thumb/v7e-m+fp/hard\libc_nano.a(libc_a-reallocr.o)
                0x000000000800b51c                _realloc_r
 .text._malloc_usable_size_r
                0x000000000800b57a       0x10 C:/ST/STM32CubeIDE_1.14.1/STM32CubeIDE/plugins/com.st.stm32cube.ide.mcu.externaltools.gnu-tools-for-stm32.11.3.rel1.win32_1.1.100.202309141235/tools/bin/../lib/gcc/arm-none-eabi/11.3.1/../../../../arm-none-eabi/lib/thumb/v7e-m+fp/hard\libc_nano.a(libc_a-msizer.o)
                0x000000000800b57a                _malloc_usable_size_r
 *(.glue_7)
 .glue_7        0x000000000800b58a        0x0 linker stubs
 *(.glue_7t)
 .glue_7t       0x000000000800b58a        0x0 linker stubs
 *(.eh_frame)
 *fill*         0x000000000800b58a        0x2 
 .eh_frame      0x000000000800b58c        0x0 C:/ST/STM32CubeIDE_1.14.1/STM32CubeIDE/plugins/com.st.stm32cube.ide.mcu.externaltools.gnu-tools-for-stm32.11.3.rel1.win32_1.1.100.202309141235/tools/bin/../lib/gcc/arm-none-eabi/11.3.1/thumb/v7e-m+fp/hard/crtbegin.o
 *(.init)
 .init          0x000000000800b58c        0x4 C:/ST/STM32CubeIDE_1.14.1/STM32CubeIDE/plugins/com.st.stm32cube.ide.mcu.externaltools.gnu-tools-for-stm32.11.3.rel1.win32_1.1.100.202309141235/tools/bin/../lib/gcc/arm-none-eabi/11.3.1/thumb/v7e-m+fp/hard/crti.o
                0x000000000800b58c                _init
 .init          0x000000000800b590        0x8 C:/ST/STM32CubeIDE_1.14.1/STM32CubeIDE/plugins/com.st.stm32cube.ide.mcu.externaltools.gnu-tools-for-stm32.11.3.rel1.win32_1.1.100.202309141235/tools/bin/../lib/gcc/arm-none-eabi/11.3.1/thumb/v7e-m+fp/hard/crtn.o
 *(.fini)
 .fini          0x000000000800b598        0x4 C:/ST/STM32CubeIDE_1.14.1/STM32CubeIDE/plugins/com.st.stm32cube.ide.mcu.externaltools.gnu-tools-for-stm32.11.3.rel1.win32_1.1.100.202309141235/tools/bin/../lib/gcc/arm-none-eabi/11.3.1/thumb/v7e-m+fp/hard/crti.o
                0x000000000800b598                _fini
 .fini          0x000000000800b59c        0x8 C:/ST/STM32CubeIDE_1.14.1/STM32CubeIDE/plugins/com.st.stm32cube.ide.mcu.externaltools.gnu-tools-for-stm32.11.3.rel1.win32_1.1.100.202309141235/tools/bin/../lib/gcc/arm-none-eabi/11.3.1/thumb/v7e-m+fp/hard/crtn.o
                0x000000000800b5a4                . = ALIGN (0x4)
                0x000000000800b5a4                _etext = .

.vfp11_veneer   0x000000000800b5a4        0x0
 .vfp11_veneer  0x000000000800b5a4        0x0 linker stubs

.v4_bx          0x000000000800b5a4        0x0
 .v4_bx         0x000000000800b5a4        0x0 linker stubs

.iplt           0x000000000800b5a4        0x0
 .iplt          0x000000000800b5a4        0x0 C:/ST/STM32CubeIDE_1.14.1/STM32CubeIDE/plugins/com.st.stm32cube.ide.mcu.externaltools.gnu-tools-for-stm32.11.3.rel1.win32_1.1.100.202309141235/tools/bin/../lib/gcc/arm-none-eabi/11.3.1/thumb/v7e-m+fp/hard/crtbegin.o

.rodata         0x000000000800b5a4    0x41bf0
                0x000000000800b5a4                . = ALIGN (0x4)
 *(.rodata)
 .rodata        0x000000000800b5a4       0x26 ./Core/Src/main.o
 *(.rodata*)
 *fill*         0x000000000800b5ca        0x2 
 .rodata.HorombeRGB565_bmp
                0x000000000800b5cc    0x3fc46 ./Core/Src/main.o
                0x000000000800b5cc                HorombeRGB565_bmp
 *fill*         0x000000000804b212        0x2 
 .rodata.Font24_Table
                0x000000000804b214     0x1ab8 ./Core/Src/stm32746g_discovery_lcd.o
                0x000000000804b214                Font24_Table
 .rodata.Font12_Table
                0x000000000804cccc      0x474 ./Core/Src/stm32746g_discovery_lcd.o
                0x000000000804cccc                Font12_Table
 .rodata.AHBPrescTable
                0x000000000804d140       0x10 ./Core/Src/system_stm32f7xx.o
                0x000000000804d140                AHBPrescTable
 .rodata.APBPrescTable
                0x000000000804d150        0x8 ./Core/Src/system_stm32f7xx.o
                0x000000000804d150                APBPrescTable
 .rodata.flagBitshiftOffset.0
                0x000000000804d158        0x8 ./Drivers/STM32F7xx_HAL_Driver/Src/stm32f7xx_hal_dma.o
 .rodata._svfprintf_r.str1.1
                0x000000000804d160       0x11 C:/ST/STM32CubeIDE_1.14.1/STM32CubeIDE/plugins/com.st.stm32cube.ide.mcu.externaltools.gnu-tools-for-stm32.11.3.rel1.win32_1.1.100.202309141235/tools/bin/../lib/gcc/arm-none-eabi/11.3.1/../../../../arm-none-eabi/lib/thumb/v7e-m+fp/hard\libc_nano.a(libc_a-nano-svfprintf.o)
 .rodata._printf_i.str1.1
                0x000000000804d171       0x22 C:/ST/STM32CubeIDE_1.14.1/STM32CubeIDE/plugins/com.st.stm32cube.ide.mcu.externaltools.gnu-tools-for-stm32.11.3.rel1.win32_1.1.100.202309141235/tools/bin/../lib/gcc/arm-none-eabi/11.3.1/../../../../arm-none-eabi/lib/thumb/v7e-m+fp/hard\libc_nano.a(libc_a-nano-vfprintf_i.o)
                0x000000000804d194                . = ALIGN (0x4)
 *fill*         0x000000000804d193        0x1 

.ARM.extab      0x000000000804d194        0x0
                0x000000000804d194                . = ALIGN (0x4)
 *(.ARM.extab* .gnu.linkonce.armextab.*)
                0x000000000804d194                . = ALIGN (0x4)

.ARM            0x000000000804d194        0x8
                0x000000000804d194                . = ALIGN (0x4)
                0x000000000804d194                __exidx_start = .
 *(.ARM.exidx*)
 .ARM.exidx     0x000000000804d194        0x8 C:/ST/STM32CubeIDE_1.14.1/STM32CubeIDE/plugins/com.st.stm32cube.ide.mcu.externaltools.gnu-tools-for-stm32.11.3.rel1.win32_1.1.100.202309141235/tools/bin/../lib/gcc/arm-none-eabi/11.3.1/thumb/v7e-m+fp/hard\libgcc.a(_udivmoddi4.o)
                0x000000000804d19c                __exidx_end = .
                0x000000000804d19c                . = ALIGN (0x4)

.rel.dyn        0x000000000804d19c        0x0
 .rel.iplt      0x000000000804d19c        0x0 C:/ST/STM32CubeIDE_1.14.1/STM32CubeIDE/plugins/com.st.stm32cube.ide.mcu.externaltools.gnu-tools-for-stm32.11.3.rel1.win32_1.1.100.202309141235/tools/bin/../lib/gcc/arm-none-eabi/11.3.1/thumb/v7e-m+fp/hard/crtbegin.o

.preinit_array  0x000000000804d19c        0x0
                0x000000000804d19c                . = ALIGN (0x4)
                0x000000000804d19c                PROVIDE (__preinit_array_start = .)
 *(.preinit_array*)
                0x000000000804d19c                PROVIDE (__preinit_array_end = .)
                0x000000000804d19c                . = ALIGN (0x4)

.init_array     0x000000000804d19c        0x4
                0x000000000804d19c                . = ALIGN (0x4)
                0x000000000804d19c                PROVIDE (__init_array_start = .)
 *(SORT_BY_NAME(.init_array.*))
 *(.init_array*)
 .init_array    0x000000000804d19c        0x4 C:/ST/STM32CubeIDE_1.14.1/STM32CubeIDE/plugins/com.st.stm32cube.ide.mcu.externaltools.gnu-tools-for-stm32.11.3.rel1.win32_1.1.100.202309141235/tools/bin/../lib/gcc/arm-none-eabi/11.3.1/thumb/v7e-m+fp/hard/crtbegin.o
                0x000000000804d1a0                PROVIDE (__init_array_end = .)
                0x000000000804d1a0                . = ALIGN (0x4)

.fini_array     0x000000000804d1a0        0x4
                0x000000000804d1a0                . = ALIGN (0x4)
                [!provide]                        PROVIDE (__fini_array_start = .)
 *(SORT_BY_NAME(.fini_array.*))
 *(.fini_array*)
 .fini_array    0x000000000804d1a0        0x4 C:/ST/STM32CubeIDE_1.14.1/STM32CubeIDE/plugins/com.st.stm32cube.ide.mcu.externaltools.gnu-tools-for-stm32.11.3.rel1.win32_1.1.100.202309141235/tools/bin/../lib/gcc/arm-none-eabi/11.3.1/thumb/v7e-m+fp/hard/crtbegin.o
                [!provide]                        PROVIDE (__fini_array_end = .)
                0x000000000804d1a4                . = ALIGN (0x4)
                0x000000000804d1a4                _sidata = LOADADDR (.data)

.data           0x0000000020000000       0x98 load address 0x000000000804d1a4
                0x0000000020000000                . = ALIGN (0x4)
                0x0000000020000000                _sdata = .
 *(.data)
 *(.data*)
 .data.ft5336_ts_drv
                0x0000000020000000       0x28 ./Core/Src/ft5336.o
                0x0000000020000000                ft5336_ts_drv
 .data.Font24   0x0000000020000028        0x8 ./Core/Src/stm32746g_discovery_lcd.o
                0x0000000020000028                Font24
 .data.Font12   0x0000000020000030        0x8 ./Core/Src/stm32746g_discovery_lcd.o
                0x0000000020000030                Font12
 .data.sdramstatus.3
                0x0000000020000038        0x1 ./Core/Src/stm32746g_discovery_sdram.o
 *fill*         0x0000000020000039        0x3 
 .data.SystemCoreClock
                0x000000002000003c        0x4 ./Core/Src/system_stm32f7xx.o
                0x000000002000003c                SystemCoreClock
 .data.uwTickPrio
                0x0000000020000040        0x4 ./Drivers/STM32F7xx_HAL_Driver/Src/stm32f7xx_hal.o
                0x0000000020000040                uwTickPrio
 .data.uwTickFreq
                0x0000000020000044        0x1 ./Drivers/STM32F7xx_HAL_Driver/Src/stm32f7xx_hal.o
                0x0000000020000044                uwTickFreq
 *fill*         0x0000000020000045        0x3 
 .data._impure_data
                0x0000000020000048       0x4c C:/ST/STM32CubeIDE_1.14.1/STM32CubeIDE/plugins/com.st.stm32cube.ide.mcu.externaltools.gnu-tools-for-stm32.11.3.rel1.win32_1.1.100.202309141235/tools/bin/../lib/gcc/arm-none-eabi/11.3.1/../../../../arm-none-eabi/lib/thumb/v7e-m+fp/hard\libc_nano.a(libc_a-impure.o)
                0x0000000020000048                _impure_data
 .data._impure_ptr
                0x0000000020000094        0x4 C:/ST/STM32CubeIDE_1.14.1/STM32CubeIDE/plugins/com.st.stm32cube.ide.mcu.externaltools.gnu-tools-for-stm32.11.3.rel1.win32_1.1.100.202309141235/tools/bin/../lib/gcc/arm-none-eabi/11.3.1/../../../../arm-none-eabi/lib/thumb/v7e-m+fp/hard\libc_nano.a(libc_a-impure.o)
                0x0000000020000094                _impure_ptr
 *(.RamFunc)
 *(.RamFunc*)
                0x0000000020000098                . = ALIGN (0x4)
                0x0000000020000098                _edata = .

.igot.plt       0x0000000020000098        0x0 load address 0x000000000804d23c
 .igot.plt      0x0000000020000098        0x0 C:/ST/STM32CubeIDE_1.14.1/STM32CubeIDE/plugins/com.st.stm32cube.ide.mcu.externaltools.gnu-tools-for-stm32.11.3.rel1.win32_1.1.100.202309141235/tools/bin/../lib/gcc/arm-none-eabi/11.3.1/thumb/v7e-m+fp/hard/crtbegin.o
                0x0000000020000098                . = ALIGN (0x4)

.bss            0x0000000020000098      0xac8 load address 0x000000000804d23c
                0x0000000020000098                _sbss = .
                0x0000000020000098                __bss_start__ = _sbss
 *(.bss)
 .bss           0x0000000020000098       0x1c C:/ST/STM32CubeIDE_1.14.1/STM32CubeIDE/plugins/com.st.stm32cube.ide.mcu.externaltools.gnu-tools-for-stm32.11.3.rel1.win32_1.1.100.202309141235/tools/bin/../lib/gcc/arm-none-eabi/11.3.1/thumb/v7e-m+fp/hard/crtbegin.o
 *(.bss*)
 .bss.hadc1     0x00000000200000b4       0x48 ./Core/Src/adc.o
                0x00000000200000b4                hadc1
 .bss.hadc3     0x00000000200000fc       0x48 ./Core/Src/adc.o
                0x00000000200000fc                hadc3
 .bss.hdac      0x0000000020000144       0x14 ./Core/Src/dac.o
                0x0000000020000144                hdac
 .bss.hdma2d    0x0000000020000158       0x40 ./Core/Src/dma2d.o
                0x0000000020000158                hdma2d
 .bss.hsdram1   0x0000000020000198       0x34 ./Core/Src/fmc.o
                0x0000000020000198                hsdram1
 .bss.FMC_Initialized
                0x00000000200001cc        0x4 ./Core/Src/fmc.o
 .bss.ft5336_handle
                0x00000000200001d0        0x3 ./Core/Src/ft5336.o
 *fill*         0x00000000200001d3        0x1 
 .bss.coord.0   0x00000000200001d4        0x2 ./Core/Src/ft5336.o
 *fill*         0x00000000200001d6        0x2 
 .bss.hi2c1     0x00000000200001d8       0x54 ./Core/Src/i2c.o
                0x00000000200001d8                hi2c1
 .bss.hi2c3     0x000000002000022c       0x54 ./Core/Src/i2c.o
                0x000000002000022c                hi2c3
 .bss.hltdc     0x0000000020000280       0xa8 ./Core/Src/ltdc.o
                0x0000000020000280                hltdc
 .bss.joystick_v
                0x0000000020000328        0x4 ./Core/Src/main.o
                0x0000000020000328                joystick_v
 .bss.joystick_h
                0x000000002000032c        0x4 ./Core/Src/main.o
                0x000000002000032c                joystick_h
 .bss.TS_State.0
                0x0000000020000330       0x2c ./Core/Src/main.o
 .bss.hrtc      0x000000002000035c       0x20 ./Core/Src/rtc.o
                0x000000002000035c                hrtc
 .bss.hspi2     0x000000002000037c       0x64 ./Core/Src/spi.o
                0x000000002000037c                hspi2
 .bss.hI2cAudioHandler
                0x00000000200003e0       0x54 ./Core/Src/stm32746g_discovery.o
 .bss.hLtdcHandler
                0x0000000020000434       0xa8 ./Core/Src/stm32746g_discovery_lcd.o
                0x0000000020000434                hLtdcHandler
 .bss.hDma2dHandler
                0x00000000200004dc       0x40 ./Core/Src/stm32746g_discovery_lcd.o
 .bss.ActiveLayer
                0x000000002000051c        0x4 ./Core/Src/stm32746g_discovery_lcd.o
 .bss.DrawProp  0x0000000020000520       0x18 ./Core/Src/stm32746g_discovery_lcd.o
 .bss.periph_clk_init_struct.0
                0x0000000020000538       0x84 ./Core/Src/stm32746g_discovery_lcd.o
 .bss.sdramHandle
                0x00000000200005bc       0x34 ./Core/Src/stm32746g_discovery_sdram.o
                0x00000000200005bc                sdramHandle
 .bss.Timing    0x00000000200005f0       0x1c ./Core/Src/stm32746g_discovery_sdram.o
 .bss.Command   0x000000002000060c       0x10 ./Core/Src/stm32746g_discovery_sdram.o
 .bss.dma_handle.1
                0x000000002000061c       0x60 ./Core/Src/stm32746g_discovery_sdram.o
 .bss.tsDriver  0x000000002000067c        0x4 ./Core/Src/stm32746g_discovery_ts.o
 .bss.tsXBoundary
                0x0000000020000680        0x2 ./Core/Src/stm32746g_discovery_ts.o
 .bss.tsYBoundary
                0x0000000020000682        0x2 ./Core/Src/stm32746g_discovery_ts.o
 .bss.tsOrientation
                0x0000000020000684        0x1 ./Core/Src/stm32746g_discovery_ts.o
 .bss.I2cAddress
                0x0000000020000685        0x1 ./Core/Src/stm32746g_discovery_ts.o
 *fill*         0x0000000020000686        0x2 
 .bss._x.1      0x0000000020000688       0x14 ./Core/Src/stm32746g_discovery_ts.o
 .bss._y.0      0x000000002000069c       0x14 ./Core/Src/stm32746g_discovery_ts.o
 .bss.htim6     0x00000000200006b0       0x4c ./Core/Src/stm32f7xx_hal_timebase_tim.o
                0x00000000200006b0                htim6
 .bss.__sbrk_heap_end
                0x00000000200006fc        0x4 ./Core/Src/sysmem.o
 .bss.htim1     0x0000000020000700       0x4c ./Core/Src/tim.o
                0x0000000020000700                htim1
 .bss.htim2     0x000000002000074c       0x4c ./Core/Src/tim.o
                0x000000002000074c                htim2
 .bss.htim3     0x0000000020000798       0x4c ./Core/Src/tim.o
                0x0000000020000798                htim3
 .bss.htim5     0x00000000200007e4       0x4c ./Core/Src/tim.o
                0x00000000200007e4                htim5
 .bss.htim8     0x0000000020000830       0x4c ./Core/Src/tim.o
                0x0000000020000830                htim8
 .bss.huart7    0x000000002000087c       0x88 ./Core/Src/usart.o
                0x000000002000087c                huart7
 .bss.huart1    0x0000000020000904       0x88 ./Core/Src/usart.o
                0x0000000020000904                huart1
 .bss.huart6    0x000000002000098c       0x88 ./Core/Src/usart.o
                0x000000002000098c                huart6
 .bss.uwTick    0x0000000020000a14        0x4 ./Drivers/STM32F7xx_HAL_Driver/Src/stm32f7xx_hal.o
                0x0000000020000a14                uwTick
 .bss.__sf      0x0000000020000a18      0x138 C:/ST/STM32CubeIDE_1.14.1/STM32CubeIDE/plugins/com.st.stm32cube.ide.mcu.externaltools.gnu-tools-for-stm32.11.3.rel1.win32_1.1.100.202309141235/tools/bin/../lib/gcc/arm-none-eabi/11.3.1/../../../../arm-none-eabi/lib/thumb/v7e-m+fp/hard\libc_nano.a(libc_a-findfp.o)
                0x0000000020000a18                __sf
 .bss.errno     0x0000000020000b50        0x4 C:/ST/STM32CubeIDE_1.14.1/STM32CubeIDE/plugins/com.st.stm32cube.ide.mcu.externaltools.gnu-tools-for-stm32.11.3.rel1.win32_1.1.100.202309141235/tools/bin/../lib/gcc/arm-none-eabi/11.3.1/../../../../arm-none-eabi/lib/thumb/v7e-m+fp/hard\libc_nano.a(libc_a-reent.o)
                0x0000000020000b50                errno
 .bss.__lock___malloc_recursive_mutex
                0x0000000020000b54        0x1 C:/ST/STM32CubeIDE_1.14.1/STM32CubeIDE/plugins/com.st.stm32cube.ide.mcu.externaltools.gnu-tools-for-stm32.11.3.rel1.win32_1.1.100.202309141235/tools/bin/../lib/gcc/arm-none-eabi/11.3.1/../../../../arm-none-eabi/lib/thumb/v7e-m+fp/hard\libc_nano.a(libc_a-lock.o)
                0x0000000020000b54                __lock___malloc_recursive_mutex
 *fill*         0x0000000020000b55        0x3 
 .bss.__malloc_free_list
                0x0000000020000b58        0x4 C:/ST/STM32CubeIDE_1.14.1/STM32CubeIDE/plugins/com.st.stm32cube.ide.mcu.externaltools.gnu-tools-for-stm32.11.3.rel1.win32_1.1.100.202309141235/tools/bin/../lib/gcc/arm-none-eabi/11.3.1/../../../../arm-none-eabi/lib/thumb/v7e-m+fp/hard\libc_nano.a(libc_a-mallocr.o)
                0x0000000020000b58                __malloc_free_list
 .bss.__malloc_sbrk_start
                0x0000000020000b5c        0x4 C:/ST/STM32CubeIDE_1.14.1/STM32CubeIDE/plugins/com.st.stm32cube.ide.mcu.externaltools.gnu-tools-for-stm32.11.3.rel1.win32_1.1.100.202309141235/tools/bin/../lib/gcc/arm-none-eabi/11.3.1/../../../../arm-none-eabi/lib/thumb/v7e-m+fp/hard\libc_nano.a(libc_a-mallocr.o)
                0x0000000020000b5c                __malloc_sbrk_start
 *(COMMON)
                0x0000000020000b60                . = ALIGN (0x4)
                0x0000000020000b60                _ebss = .
                0x0000000020000b60                __bss_end__ = _ebss

._user_heap_stack
                0x0000000020000b60      0x600 load address 0x000000000804d23c
                0x0000000020000b60                . = ALIGN (0x8)
                [!provide]                        PROVIDE (end = .)
                0x0000000020000b60                PROVIDE (_end = .)
                0x0000000020000d60                . = (. + _Min_Heap_Size)
 *fill*         0x0000000020000b60      0x200 
                0x0000000020001160                . = (. + _Min_Stack_Size)
 *fill*         0x0000000020000d60      0x400 
                0x0000000020001160                . = ALIGN (0x8)

/DISCARD/
 libc.a(*)
 libm.a(*)
 libgcc.a(*)

.ARM.attributes
                0x0000000000000000       0x30
 *(.ARM.attributes)
 .ARM.attributes
                0x0000000000000000       0x1e C:/ST/STM32CubeIDE_1.14.1/STM32CubeIDE/plugins/com.st.stm32cube.ide.mcu.externaltools.gnu-tools-for-stm32.11.3.rel1.win32_1.1.100.202309141235/tools/bin/../lib/gcc/arm-none-eabi/11.3.1/thumb/v7e-m+fp/hard/crti.o
 .ARM.attributes
                0x000000000000001e       0x34 C:/ST/STM32CubeIDE_1.14.1/STM32CubeIDE/plugins/com.st.stm32cube.ide.mcu.externaltools.gnu-tools-for-stm32.11.3.rel1.win32_1.1.100.202309141235/tools/bin/../lib/gcc/arm-none-eabi/11.3.1/thumb/v7e-m+fp/hard/crtbegin.o
 .ARM.attributes
                0x0000000000000052       0x34 ./Core/Src/adc.o
 .ARM.attributes
                0x0000000000000086       0x34 ./Core/Src/dac.o
 .ARM.attributes
                0x00000000000000ba       0x34 ./Core/Src/dma2d.o
 .ARM.attributes
                0x00000000000000ee       0x34 ./Core/Src/fmc.o
 .ARM.attributes
                0x0000000000000122       0x34 ./Core/Src/ft5336.o
 .ARM.attributes
                0x0000000000000156       0x34 ./Core/Src/gpio.o
 .ARM.attributes
                0x000000000000018a       0x34 ./Core/Src/i2c.o
 .ARM.attributes
                0x00000000000001be       0x34 ./Core/Src/ltdc.o
 .ARM.attributes
                0x00000000000001f2       0x34 ./Core/Src/main.o
 .ARM.attributes
                0x0000000000000226       0x34 ./Core/Src/rtc.o
 .ARM.attributes
                0x000000000000025a       0x34 ./Core/Src/spi.o
 .ARM.attributes
                0x000000000000028e       0x34 ./Core/Src/stm32746g_discovery.o
 .ARM.attributes
                0x00000000000002c2       0x34 ./Core/Src/stm32746g_discovery_lcd.o
 .ARM.attributes
                0x00000000000002f6       0x34 ./Core/Src/stm32746g_discovery_sdram.o
 .ARM.attributes
                0x000000000000032a       0x34 ./Core/Src/stm32746g_discovery_ts.o
 .ARM.attributes
                0x000000000000035e       0x34 ./Core/Src/stm32f7xx_hal_msp.o
 .ARM.attributes
                0x0000000000000392       0x34 ./Core/Src/stm32f7xx_hal_timebase_tim.o
 .ARM.attributes
                0x00000000000003c6       0x34 ./Core/Src/stm32f7xx_it.o
 .ARM.attributes
                0x00000000000003fa       0x34 ./Core/Src/sysmem.o
 .ARM.attributes
                0x000000000000042e       0x34 ./Core/Src/system_stm32f7xx.o
 .ARM.attributes
                0x0000000000000462       0x34 ./Core/Src/tim.o
 .ARM.attributes
                0x0000000000000496       0x34 ./Core/Src/usart.o
 .ARM.attributes
                0x00000000000004ca       0x21 ./Core/Startup/startup_stm32f746nghx.o
 .ARM.attributes
                0x00000000000004eb       0x34 ./Drivers/STM32F7xx_HAL_Driver/Src/stm32f7xx_hal.o
 .ARM.attributes
                0x000000000000051f       0x34 ./Drivers/STM32F7xx_HAL_Driver/Src/stm32f7xx_hal_adc.o
 .ARM.attributes
                0x0000000000000553       0x34 ./Drivers/STM32F7xx_HAL_Driver/Src/stm32f7xx_hal_cortex.o
 .ARM.attributes
                0x0000000000000587       0x34 ./Drivers/STM32F7xx_HAL_Driver/Src/stm32f7xx_hal_dac.o
 .ARM.attributes
                0x00000000000005bb       0x34 ./Drivers/STM32F7xx_HAL_Driver/Src/stm32f7xx_hal_dac_ex.o
 .ARM.attributes
                0x00000000000005ef       0x34 ./Drivers/STM32F7xx_HAL_Driver/Src/stm32f7xx_hal_dma.o
 .ARM.attributes
                0x0000000000000623       0x34 ./Drivers/STM32F7xx_HAL_Driver/Src/stm32f7xx_hal_dma2d.o
 .ARM.attributes
                0x0000000000000657       0x34 ./Drivers/STM32F7xx_HAL_Driver/Src/stm32f7xx_hal_gpio.o
 .ARM.attributes
                0x000000000000068b       0x34 ./Drivers/STM32F7xx_HAL_Driver/Src/stm32f7xx_hal_i2c.o
 .ARM.attributes
                0x00000000000006bf       0x34 ./Drivers/STM32F7xx_HAL_Driver/Src/stm32f7xx_hal_i2c_ex.o
 .ARM.attributes
                0x00000000000006f3       0x34 ./Drivers/STM32F7xx_HAL_Driver/Src/stm32f7xx_hal_ltdc.o
 .ARM.attributes
                0x0000000000000727       0x34 ./Drivers/STM32F7xx_HAL_Driver/Src/stm32f7xx_hal_pwr.o
 .ARM.attributes
                0x000000000000075b       0x34 ./Drivers/STM32F7xx_HAL_Driver/Src/stm32f7xx_hal_pwr_ex.o
 .ARM.attributes
                0x000000000000078f       0x34 ./Drivers/STM32F7xx_HAL_Driver/Src/stm32f7xx_hal_rcc.o
 .ARM.attributes
                0x00000000000007c3       0x34 ./Drivers/STM32F7xx_HAL_Driver/Src/stm32f7xx_hal_rcc_ex.o
 .ARM.attributes
                0x00000000000007f7       0x34 ./Drivers/STM32F7xx_HAL_Driver/Src/stm32f7xx_hal_rtc.o
 .ARM.attributes
                0x000000000000082b       0x34 ./Drivers/STM32F7xx_HAL_Driver/Src/stm32f7xx_hal_rtc_ex.o
 .ARM.attributes
                0x000000000000085f       0x34 ./Drivers/STM32F7xx_HAL_Driver/Src/stm32f7xx_hal_sdram.o
 .ARM.attributes
                0x0000000000000893       0x34 ./Drivers/STM32F7xx_HAL_Driver/Src/stm32f7xx_hal_spi.o
 .ARM.attributes
                0x00000000000008c7       0x34 ./Drivers/STM32F7xx_HAL_Driver/Src/stm32f7xx_hal_tim.o
 .ARM.attributes
                0x00000000000008fb       0x34 ./Drivers/STM32F7xx_HAL_Driver/Src/stm32f7xx_hal_tim_ex.o
 .ARM.attributes
                0x000000000000092f       0x34 ./Drivers/STM32F7xx_HAL_Driver/Src/stm32f7xx_hal_uart.o
 .ARM.attributes
                0x0000000000000963       0x34 ./Drivers/STM32F7xx_HAL_Driver/Src/stm32f7xx_ll_fmc.o
 .ARM.attributes
                0x0000000000000997       0x34 C:/ST/STM32CubeIDE_1.14.1/STM32CubeIDE/plugins/com.st.stm32cube.ide.mcu.externaltools.gnu-tools-for-stm32.11.3.rel1.win32_1.1.100.202309141235/tools/bin/../lib/gcc/arm-none-eabi/11.3.1/../../../../arm-none-eabi/lib/thumb/v7e-m+fp/hard\libc_nano.a(libc_a-findfp.o)
 .ARM.attributes
                0x00000000000009cb       0x34 C:/ST/STM32CubeIDE_1.14.1/STM32CubeIDE/plugins/com.st.stm32cube.ide.mcu.externaltools.gnu-tools-for-stm32.11.3.rel1.win32_1.1.100.202309141235/tools/bin/../lib/gcc/arm-none-eabi/11.3.1/../../../../arm-none-eabi/lib/thumb/v7e-m+fp/hard\libc_nano.a(libc_a-sprintf.o)
 .ARM.attributes
                0x00000000000009ff       0x34 C:/ST/STM32CubeIDE_1.14.1/STM32CubeIDE/plugins/com.st.stm32cube.ide.mcu.externaltools.gnu-tools-for-stm32.11.3.rel1.win32_1.1.100.202309141235/tools/bin/../lib/gcc/arm-none-eabi/11.3.1/../../../../arm-none-eabi/lib/thumb/v7e-m+fp/hard\libc_nano.a(libc_a-memset.o)
 .ARM.attributes
                0x0000000000000a33       0x34 C:/ST/STM32CubeIDE_1.14.1/STM32CubeIDE/plugins/com.st.stm32cube.ide.mcu.externaltools.gnu-tools-for-stm32.11.3.rel1.win32_1.1.100.202309141235/tools/bin/../lib/gcc/arm-none-eabi/11.3.1/../../../../arm-none-eabi/lib/thumb/v7e-m+fp/hard\libc_nano.a(libc_a-reent.o)
 .ARM.attributes
                0x0000000000000a67       0x34 C:/ST/STM32CubeIDE_1.14.1/STM32CubeIDE/plugins/com.st.stm32cube.ide.mcu.externaltools.gnu-tools-for-stm32.11.3.rel1.win32_1.1.100.202309141235/tools/bin/../lib/gcc/arm-none-eabi/11.3.1/../../../../arm-none-eabi/lib/thumb/v7e-m+fp/hard\libc_nano.a(libc_a-impure.o)
 .ARM.attributes
                0x0000000000000a9b       0x34 C:/ST/STM32CubeIDE_1.14.1/STM32CubeIDE/plugins/com.st.stm32cube.ide.mcu.externaltools.gnu-tools-for-stm32.11.3.rel1.win32_1.1.100.202309141235/tools/bin/../lib/gcc/arm-none-eabi/11.3.1/../../../../arm-none-eabi/lib/thumb/v7e-m+fp/hard\libc_nano.a(libc_a-errno.o)
 .ARM.attributes
                0x0000000000000acf       0x34 C:/ST/STM32CubeIDE_1.14.1/STM32CubeIDE/plugins/com.st.stm32cube.ide.mcu.externaltools.gnu-tools-for-stm32.11.3.rel1.win32_1.1.100.202309141235/tools/bin/../lib/gcc/arm-none-eabi/11.3.1/../../../../arm-none-eabi/lib/thumb/v7e-m+fp/hard\libc_nano.a(libc_a-init.o)
 .ARM.attributes
                0x0000000000000b03       0x34 C:/ST/STM32CubeIDE_1.14.1/STM32CubeIDE/plugins/com.st.stm32cube.ide.mcu.externaltools.gnu-tools-for-stm32.11.3.rel1.win32_1.1.100.202309141235/tools/bin/../lib/gcc/arm-none-eabi/11.3.1/../../../../arm-none-eabi/lib/thumb/v7e-m+fp/hard\libc_nano.a(libc_a-lock.o)
 .ARM.attributes
                0x0000000000000b37       0x17 C:/ST/STM32CubeIDE_1.14.1/STM32CubeIDE/plugins/com.st.stm32cube.ide.mcu.externaltools.gnu-tools-for-stm32.11.3.rel1.win32_1.1.100.202309141235/tools/bin/../lib/gcc/arm-none-eabi/11.3.1/../../../../arm-none-eabi/lib/thumb/v7e-m+fp/hard\libc_nano.a(libc_a-strlen.o)
 .ARM.attributes
                0x0000000000000b4e       0x34 C:/ST/STM32CubeIDE_1.14.1/STM32CubeIDE/plugins/com.st.stm32cube.ide.mcu.externaltools.gnu-tools-for-stm32.11.3.rel1.win32_1.1.100.202309141235/tools/bin/../lib/gcc/arm-none-eabi/11.3.1/../../../../arm-none-eabi/lib/thumb/v7e-m+fp/hard\libc_nano.a(libc_a-freer.o)
 .ARM.attributes
                0x0000000000000b82       0x34 C:/ST/STM32CubeIDE_1.14.1/STM32CubeIDE/plugins/com.st.stm32cube.ide.mcu.externaltools.gnu-tools-for-stm32.11.3.rel1.win32_1.1.100.202309141235/tools/bin/../lib/gcc/arm-none-eabi/11.3.1/../../../../arm-none-eabi/lib/thumb/v7e-m+fp/hard\libc_nano.a(libc_a-mallocr.o)
 .ARM.attributes
                0x0000000000000bb6       0x34 C:/ST/STM32CubeIDE_1.14.1/STM32CubeIDE/plugins/com.st.stm32cube.ide.mcu.externaltools.gnu-tools-for-stm32.11.3.rel1.win32_1.1.100.202309141235/tools/bin/../lib/gcc/arm-none-eabi/11.3.1/../../../../arm-none-eabi/lib/thumb/v7e-m+fp/hard\libc_nano.a(libc_a-mlock.o)
 .ARM.attributes
                0x0000000000000bea       0x34 C:/ST/STM32CubeIDE_1.14.1/STM32CubeIDE/plugins/com.st.stm32cube.ide.mcu.externaltools.gnu-tools-for-stm32.11.3.rel1.win32_1.1.100.202309141235/tools/bin/../lib/gcc/arm-none-eabi/11.3.1/../../../../arm-none-eabi/lib/thumb/v7e-m+fp/hard\libc_nano.a(libc_a-nano-svfprintf.o)
 .ARM.attributes
                0x0000000000000c1e       0x34 C:/ST/STM32CubeIDE_1.14.1/STM32CubeIDE/plugins/com.st.stm32cube.ide.mcu.externaltools.gnu-tools-for-stm32.11.3.rel1.win32_1.1.100.202309141235/tools/bin/../lib/gcc/arm-none-eabi/11.3.1/../../../../arm-none-eabi/lib/thumb/v7e-m+fp/hard\libc_nano.a(libc_a-nano-vfprintf_i.o)
 .ARM.attributes
                0x0000000000000c52       0x34 C:/ST/STM32CubeIDE_1.14.1/STM32CubeIDE/plugins/com.st.stm32cube.ide.mcu.externaltools.gnu-tools-for-stm32.11.3.rel1.win32_1.1.100.202309141235/tools/bin/../lib/gcc/arm-none-eabi/11.3.1/../../../../arm-none-eabi/lib/thumb/v7e-m+fp/hard\libc_nano.a(libc_a-memmove.o)
 .ARM.attributes
                0x0000000000000c86       0x34 C:/ST/STM32CubeIDE_1.14.1/STM32CubeIDE/plugins/com.st.stm32cube.ide.mcu.externaltools.gnu-tools-for-stm32.11.3.rel1.win32_1.1.100.202309141235/tools/bin/../lib/gcc/arm-none-eabi/11.3.1/../../../../arm-none-eabi/lib/thumb/v7e-m+fp/hard\libc_nano.a(libc_a-sbrkr.o)
 .ARM.attributes
                0x0000000000000cba       0x1c C:/ST/STM32CubeIDE_1.14.1/STM32CubeIDE/plugins/com.st.stm32cube.ide.mcu.externaltools.gnu-tools-for-stm32.11.3.rel1.win32_1.1.100.202309141235/tools/bin/../lib/gcc/arm-none-eabi/11.3.1/../../../../arm-none-eabi/lib/thumb/v7e-m+fp/hard\libc_nano.a(libc_a-memchr.o)
 .ARM.attributes
                0x0000000000000cd6       0x34 C:/ST/STM32CubeIDE_1.14.1/STM32CubeIDE/plugins/com.st.stm32cube.ide.mcu.externaltools.gnu-tools-for-stm32.11.3.rel1.win32_1.1.100.202309141235/tools/bin/../lib/gcc/arm-none-eabi/11.3.1/../../../../arm-none-eabi/lib/thumb/v7e-m+fp/hard\libc_nano.a(libc_a-memcpy-stub.o)
 .ARM.attributes
                0x0000000000000d0a       0x34 C:/ST/STM32CubeIDE_1.14.1/STM32CubeIDE/plugins/com.st.stm32cube.ide.mcu.externaltools.gnu-tools-for-stm32.11.3.rel1.win32_1.1.100.202309141235/tools/bin/../lib/gcc/arm-none-eabi/11.3.1/../../../../arm-none-eabi/lib/thumb/v7e-m+fp/hard\libc_nano.a(libc_a-reallocr.o)
 .ARM.attributes
                0x0000000000000d3e       0x34 C:/ST/STM32CubeIDE_1.14.1/STM32CubeIDE/plugins/com.st.stm32cube.ide.mcu.externaltools.gnu-tools-for-stm32.11.3.rel1.win32_1.1.100.202309141235/tools/bin/../lib/gcc/arm-none-eabi/11.3.1/../../../../arm-none-eabi/lib/thumb/v7e-m+fp/hard\libc_nano.a(libc_a-msizer.o)
 .ARM.attributes
                0x0000000000000d72       0x1e C:/ST/STM32CubeIDE_1.14.1/STM32CubeIDE/plugins/com.st.stm32cube.ide.mcu.externaltools.gnu-tools-for-stm32.11.3.rel1.win32_1.1.100.202309141235/tools/bin/../lib/gcc/arm-none-eabi/11.3.1/thumb/v7e-m+fp/hard\libgcc.a(_aeabi_uldivmod.o)
 .ARM.attributes
                0x0000000000000d90       0x34 C:/ST/STM32CubeIDE_1.14.1/STM32CubeIDE/plugins/com.st.stm32cube.ide.mcu.externaltools.gnu-tools-for-stm32.11.3.rel1.win32_1.1.100.202309141235/tools/bin/../lib/gcc/arm-none-eabi/11.3.1/thumb/v7e-m+fp/hard\libgcc.a(_udivmoddi4.o)
 .ARM.attributes
                0x0000000000000dc4       0x1e C:/ST/STM32CubeIDE_1.14.1/STM32CubeIDE/plugins/com.st.stm32cube.ide.mcu.externaltools.gnu-tools-for-stm32.11.3.rel1.win32_1.1.100.202309141235/tools/bin/../lib/gcc/arm-none-eabi/11.3.1/thumb/v7e-m+fp/hard\libgcc.a(_dvmd_tls.o)
 .ARM.attributes
                0x0000000000000de2       0x1e C:/ST/STM32CubeIDE_1.14.1/STM32CubeIDE/plugins/com.st.stm32cube.ide.mcu.externaltools.gnu-tools-for-stm32.11.3.rel1.win32_1.1.100.202309141235/tools/bin/../lib/gcc/arm-none-eabi/11.3.1/thumb/v7e-m+fp/hard/crtn.o
OUTPUT(projetdemo2023.elf elf32-littlearm)
LOAD linker stubs
LOAD C:/ST/STM32CubeIDE_1.14.1/STM32CubeIDE/plugins/com.st.stm32cube.ide.mcu.externaltools.gnu-tools-for-stm32.11.3.rel1.win32_1.1.100.202309141235/tools/bin/../lib/gcc/arm-none-eabi/11.3.1/../../../../arm-none-eabi/lib/thumb/v7e-m+fp/hard\libc.a
LOAD C:/ST/STM32CubeIDE_1.14.1/STM32CubeIDE/plugins/com.st.stm32cube.ide.mcu.externaltools.gnu-tools-for-stm32.11.3.rel1.win32_1.1.100.202309141235/tools/bin/../lib/gcc/arm-none-eabi/11.3.1/../../../../arm-none-eabi/lib/thumb/v7e-m+fp/hard\libm.a
LOAD C:/ST/STM32CubeIDE_1.14.1/STM32CubeIDE/plugins/com.st.stm32cube.ide.mcu.externaltools.gnu-tools-for-stm32.11.3.rel1.win32_1.1.100.202309141235/tools/bin/../lib/gcc/arm-none-eabi/11.3.1/thumb/v7e-m+fp/hard\libgcc.a

.comment        0x0000000000000000       0x43
 .comment       0x0000000000000000       0x43 C:/ST/STM32CubeIDE_1.14.1/STM32CubeIDE/plugins/com.st.stm32cube.ide.mcu.externaltools.gnu-tools-for-stm32.11.3.rel1.win32_1.1.100.202309141235/tools/bin/../lib/gcc/arm-none-eabi/11.3.1/thumb/v7e-m+fp/hard/crtbegin.o
                                         0x44 (size before relaxing)
 .comment       0x0000000000000043       0x44 ./Core/Src/adc.o
 .comment       0x0000000000000043       0x44 ./Core/Src/dac.o
 .comment       0x0000000000000043       0x44 ./Core/Src/dma2d.o
 .comment       0x0000000000000043       0x44 ./Core/Src/fmc.o
 .comment       0x0000000000000043       0x44 ./Core/Src/ft5336.o
 .comment       0x0000000000000043       0x44 ./Core/Src/gpio.o
 .comment       0x0000000000000043       0x44 ./Core/Src/i2c.o
 .comment       0x0000000000000043       0x44 ./Core/Src/ltdc.o
 .comment       0x0000000000000043       0x44 ./Core/Src/main.o
 .comment       0x0000000000000043       0x44 ./Core/Src/rtc.o